Archive member included to satisfy reference by file (symbol)

/usr/local/devkitPro/libctru/lib/libsfil.a(sfil_png.o)
                              main.o (sfil_load_PNG_buffer)
/usr/local/devkitPro/portlibs/armv6k/lib/libpng.a(png.o)
                              /usr/local/devkitPro/libctru/lib/libsfil.a(sfil_png.o) (png_set_sig_bytes)
/usr/local/devkitPro/portlibs/armv6k/lib/libpng.a(pngerror.o)
                              /usr/local/devkitPro/portlibs/armv6k/lib/libpng.a(png.o) (png_safecat)
/usr/local/devkitPro/portlibs/armv6k/lib/libpng.a(pngget.o)
                              /usr/local/devkitPro/libctru/lib/libsfil.a(sfil_png.o) (png_get_valid)
/usr/local/devkitPro/portlibs/armv6k/lib/libpng.a(pngmem.o)
                              /usr/local/devkitPro/portlibs/armv6k/lib/libpng.a(png.o) (png_calloc)
/usr/local/devkitPro/portlibs/armv6k/lib/libpng.a(pngread.o)
                              /usr/local/devkitPro/libctru/lib/libsfil.a(sfil_png.o) (png_create_read_struct)
/usr/local/devkitPro/portlibs/armv6k/lib/libpng.a(pngrio.o)
                              /usr/local/devkitPro/libctru/lib/libsfil.a(sfil_png.o) (png_set_read_fn)
/usr/local/devkitPro/portlibs/armv6k/lib/libpng.a(pngrtran.o)
                              /usr/local/devkitPro/portlibs/armv6k/lib/libpng.a(pngread.o) (png_set_background_fixed)
/usr/local/devkitPro/portlibs/armv6k/lib/libpng.a(pngrutil.o)
                              /usr/local/devkitPro/portlibs/armv6k/lib/libpng.a(pngread.o) (png_read_sig)
/usr/local/devkitPro/portlibs/armv6k/lib/libpng.a(pngset.o)
                              /usr/local/devkitPro/portlibs/armv6k/lib/libpng.a(pngrutil.o) (png_set_bKGD)
/usr/local/devkitPro/portlibs/armv6k/lib/libpng.a(pngtrans.o)
                              /usr/local/devkitPro/portlibs/armv6k/lib/libpng.a(pngread.o) (png_set_bgr)
/usr/local/devkitPro/portlibs/armv6k/lib/libpng.a(pngwrite.o)
                              /usr/local/devkitPro/portlibs/armv6k/lib/libpng.a(png.o) (png_destroy_write_struct)
/usr/local/devkitPro/portlibs/armv6k/lib/libpng.a(pngwtran.o)
                              /usr/local/devkitPro/portlibs/armv6k/lib/libpng.a(pngwrite.o) (png_do_write_transformations)
/usr/local/devkitPro/portlibs/armv6k/lib/libpng.a(pngwutil.o)
                              /usr/local/devkitPro/portlibs/armv6k/lib/libpng.a(png.o) (png_save_uint_32)
/usr/local/devkitPro/portlibs/armv6k/lib/libpng.a(pngwio.o)
                              /usr/local/devkitPro/portlibs/armv6k/lib/libpng.a(pngwutil.o) (png_write_data)
/usr/local/devkitPro/portlibs/armv6k/lib/libz.a(adler32.o)
                              /usr/local/devkitPro/portlibs/armv6k/lib/libpng.a(png.o) (adler32)
/usr/local/devkitPro/portlibs/armv6k/lib/libz.a(crc32.o)
                              /usr/local/devkitPro/portlibs/armv6k/lib/libpng.a(png.o) (crc32)
/usr/local/devkitPro/portlibs/armv6k/lib/libz.a(deflate.o)
                              /usr/local/devkitPro/portlibs/armv6k/lib/libpng.a(pngwutil.o) (deflateReset)
/usr/local/devkitPro/portlibs/armv6k/lib/libz.a(inflate.o)
                              /usr/local/devkitPro/portlibs/armv6k/lib/libpng.a(png.o) (inflateReset)
/usr/local/devkitPro/portlibs/armv6k/lib/libz.a(inftrees.o)
                              /usr/local/devkitPro/portlibs/armv6k/lib/libz.a(inflate.o) (inflate_table)
/usr/local/devkitPro/portlibs/armv6k/lib/libz.a(trees.o)
                              /usr/local/devkitPro/portlibs/armv6k/lib/libz.a(deflate.o) (_tr_init)
/usr/local/devkitPro/portlibs/armv6k/lib/libz.a(zutil.o)
                              /usr/local/devkitPro/portlibs/armv6k/lib/libz.a(deflate.o) (zcalloc)
/usr/local/devkitPro/portlibs/armv6k/lib/libz.a(inffast.o)
                              /usr/local/devkitPro/portlibs/armv6k/lib/libz.a(inflate.o) (inflate_fast)
/usr/local/devkitPro/libctru/lib/libsf2d.a(sf2d.o)
                              main.o (sf2d_fini)
/usr/local/devkitPro/libctru/lib/libsf2d.a(sf2d_texture.o)
                              /usr/local/devkitPro/libctru/lib/libsfil.a(sfil_png.o) (sf2d_create_texture)
/usr/local/devkitPro/libctru/lib/libsf2d.a(shader.shbin.o)
                              /usr/local/devkitPro/libctru/lib/libsf2d.a(sf2d.o) (shader_shbin_size)
/usr/local/devkitPro/libctru/lib/libcitro3d.a(uniforms.o)
                              /usr/local/devkitPro/libctru/lib/libsf2d.a(sf2d.o) (C3D_FVUnifDirty)
/usr/local/devkitPro/libctru/lib/libcitro3d.a(attribs.o)
                              /usr/local/devkitPro/libctru/lib/libsf2d.a(sf2d_texture.o) (AttrInfo_Init)
/usr/local/devkitPro/libctru/lib/libcitro3d.a(effect.o)
                              /usr/local/devkitPro/libctru/lib/libsf2d.a(sf2d.o) (C3D_CullFace)
/usr/local/devkitPro/libctru/lib/libcitro3d.a(drawArrays.o)
                              /usr/local/devkitPro/libctru/lib/libsf2d.a(sf2d_texture.o) (C3D_DrawArrays)
/usr/local/devkitPro/libctru/lib/libcitro3d.a(buffers.o)
[...]
Memory Configuration

Name             Origin             Length             Attributes
*default*        0x00000000         0xffffffff

Linker script and memory map

                0x00100000                PROVIDE (__start__, 0x100000)
                0x00100000                . = __start__

.text           0x00100000    0x3c8a0
 *(.crt0)
 .crt0          0x00100000       0x94 /opt/devkitpro/devkitARM/lib/gcc/arm-none-eabi/6.3.0/../../../../arm-none-eabi/lib/armv6k/fpu/3dsx_crt0.o
                0x00100000                _start
                0x00100008                __service_ptr
                0x0010000c                __apt_appid
                0x00100010                __heap_size
                0x00100014                __linear_heap_size
                0x00100018                __system_arglist
                0x0010001c                __system_runflags
 *(.init)
 .init          0x00100094        0xc /opt/devkitpro/devkitARM/lib/gcc/arm-none-eabi/6.3.0/armv6k/fpu/crti.o
                0x00100094                _init
 .init          0x001000a0        0xc /opt/devkitpro/devkitARM/lib/gcc/arm-none-eabi/6.3.0/armv6k/fpu/crtn.o
                0x001000ac                . = ALIGN (0x4)
 *(.text)
 .text          0x001000ac       0x64 /usr/local/devkitPro/libctru/lib/libctru.a(stack_adjust.o)
                0x001000ac                initSystem
                0x001000f0                __ctru_exit
 .text          0x00100110      0x20c /opt/devkitpro/devkitARM/lib/gcc/arm-none-eabi/6.3.0/armv6k/fpu/libgcc.a(_udivsi3.o)
                0x00100110                __udivsi3
                0x00100110                __aeabi_uidiv
                0x001002fc                __aeabi_uidivmod
 .text          0x0010031c      0x240 /opt/devkitpro/devkitARM/lib/gcc/arm-none-eabi/6.3.0/armv6k/fpu/libgcc.a(_divsi3.o)
                0x0010031c                __aeabi_idiv
                0x0010031c                __divsi3
                0x0010053c                __aeabi_idivmod
 .text          0x0010055c        0x4 /opt/devkitpro/devkitARM/lib/gcc/arm-none-eabi/6.3.0/armv6k/fpu/libgcc.a(_dvmd_tls.o)
                0x0010055c                __aeabi_ldiv0
                0x0010055c                __aeabi_idiv0
 .text          0x00100560      0x250 /opt/devkitpro/devkitARM/lib/gcc/arm-none-eabi/6.3.0/armv6k/fpu/libgcc.a(_arm_addsubsf3.o)
                0x00100560                __aeabi_frsub
                0x00100568                __aeabi_fsub
                0x00100568                __subsf3
                0x0010056c                __aeabi_fadd
                0x0010056c                __addsf3
                0x001006fc                __aeabi_ui2f
                0x001006fc                __floatunsisf
                0x00100704                __floatsisf
                0x00100704                __aeabi_i2f
                0x00100724                __aeabi_ul2f
                0x00100724                __floatundisf
                0x00100734                __aeabi_l2f
                0x00100734                __floatdisf
 .text          0x001007b0       0x3c /opt/devkitpro/devkitARM/lib/gcc/arm-none-eabi/6.3.0/armv6k/fpu/libgcc.a(_aeabi_uldivmod.o)
                0x001007b0                __aeabi_uldivmod
 .text          0x001007ec       0x2c /opt/devkitpro/devkitARM/lib/gcc/arm-none-eabi/6.3.0/../../../../arm-none-eabi/lib/armv6k/fpu/libg.a(lib_a-setjmp.o)
                0x001007ec                setjmp
                0x00100800                longjmp
 *fill*         0x00100818        0x8 
 .text          0x00100820      0x390 /opt/devkitpro/devkitARM/lib/gcc/arm-none-eabi/6.3.0/../../../../arm-none-eabi/lib/armv6k/fpu/libg.a(lib_a-strcmp.o)
                0x00100828                strcmp
 *(.text.*)
 .text.deregister_tm_clones
                0x00100bb0       0x30 /opt/devkitpro/devkitARM/lib/gcc/arm-none-eabi/6.3.0/armv6k/fpu/crtbegin.o
 .text.register_tm_clones
                0x00100be0       0x38 /opt/devkitpro/devkitARM/lib/gcc/arm-none-eabi/6.3.0/armv6k/fpu/crtbegin.o
 .text.__do_global_dtors_aux
                0x00100c18       0x44 /opt/devkitpro/devkitARM/lib/gcc/arm-none-eabi/6.3.0/armv6k/fpu/crtbegin.o
 .text.frame_dummy
                0x00100c5c       0x5c /opt/devkitpro/devkitARM/lib/gcc/arm-none-eabi/6.3.0/armv6k/fpu/crtbegin.o
 .text._ZNSt24uniform_int_distributionIiEclISt26linear_congruential_engineIjLj16807ELj0ELj2147483647EEEEiRT_RKNS0_10param_typeE
                0x00100cb8      0x1d0 main.o
                0x00100cb8                int std::uniform_int_distribution<int>::operator()<std::linear_congruential_engine<unsigned int, 16807u, 0u, 2147483647u> >(std::linear_congruential_engine<unsigned int, 16807u, 0u, 2147483647u>&, std::uniform_int_distribution<int>::param_type const&)
 .text.startup  0x00100e88      0x46c main.o
                0x00100e88                main
 .text._sfil_load_PNG_generic
                0x001012f4      0x2f8 /usr/local/devkitPro/libctru/lib/libsfil.a(sfil_png.o)
 .text._sfil_read_png_buffer_fn
                0x001015ec       0x34 /usr/local/devkitPro/libctru/lib/libsfil.a(sfil_png.o)
 .text.sfil_load_PNG_buffer
                0x00101620       0x4c /usr/local/devkitPro/libctru/lib/libsfil.a(sfil_png.o)
                0x00101620                sfil_load_PNG_buffer
 .text.png_zalloc
                0x0010166c       0x50 /usr/local/devkitPro/portlibs/armv6k/lib/libpng.a(png.o)
                0x0010166c                png_zalloc
 .text.png_zfree
                0x001016bc        0x4 /usr/local/devkitPro/portlibs/armv6k/lib/libpng.a(png.o)
                0x001016bc                png_zfree
 .text.png_build_16bit_table
                0x001016c0      0x1d0 /usr/local/devkitPro/portlibs/armv6k/lib/libpng.a(png.o)
 .text.png_colorspace_endpoints_match
                0x00101890      0x114 /usr/local/devkitPro/portlibs/armv6k/lib/libpng.a(png.o)
 .text.png_free_data.part.3
                0x001019a4      0x498 /usr/local/devkitPro/portlibs/armv6k/lib/libpng.a(png.o)
 *fill*         0x00101e3c        0x4 
 .text.png_muldiv.part.9
                0x00101e40       0x88 /usr/local/devkitPro/portlibs/armv6k/lib/libpng.a(png.o)
 .text.png_gamma_8bit_correct.part.15
                0x00101ec8       0x70 /usr/local/devkitPro/portlibs/armv6k/lib/libpng.a(png.o)
 .text.png_icc_profile_error
                0x00101f38      0x200 /usr/local/devkitPro/portlibs/armv6k/lib/libpng.a(png.o)
 .text.png_set_sig_bytes
                0x00102138       0x3c /usr/local/devkitPro/portlibs/armv6k/lib/libpng.a(png.o)
                0x00102138                png_set_sig_bytes
 .text.png_sig_cmp
                0x00102174       0x70 /usr/local/devkitPro/portlibs/armv6k/lib/libpng.a(png.o)
                0x00102174                png_sig_cmp
 .text.png_reset_crc
                0x001021e4       0x20 /usr/local/devkitPro/portlibs/armv6k/lib/libpng.a(png.o)
                0x001021e4                png_reset_crc
 .text.png_calculate_crc
                0x00102204       0x54 /usr/local/devkitPro/portlibs/armv6k/lib/libpng.a(png.o)
                0x00102204                png_calculate_crc
 .text.png_user_version_check
                0x00102258      0x110 /usr/local/devkitPro/portlibs/armv6k/lib/libpng.a(png.o)
                0x00102258                png_user_version_check
 .text.png_create_png_struct
                0x00102368      0x114 /usr/local/devkitPro/portlibs/armv6k/lib/libpng.a(png.o)
                0x00102368                png_create_png_struct
 .text.png_create_info_struct
                0x0010247c       0x40 /usr/local/devkitPro/portlibs/armv6k/lib/libpng.a(png.o)
                0x0010247c                png_create_info_struct
 .text.png_destroy_info_struct
                0x001024bc      0x3a0 /usr/local/devkitPro/portlibs/armv6k/lib/libpng.a(png.o)
                0x001024bc                png_destroy_info_struct
 .text.png_free_data
                0x0010285c       0x10 /usr/local/devkitPro/portlibs/armv6k/lib/libpng.a(png.o)
                0x0010285c                png_free_data
 .text.png_get_io_ptr
                0x0010286c        0xc /usr/local/devkitPro/portlibs/armv6k/lib/libpng.a(png.o)
                0x0010286c                png_get_io_ptr
 .text.png_chunk_unknown_handling
                0x00102878       0x94 /usr/local/devkitPro/portlibs/armv6k/lib/libpng.a(png.o)
                0x00102878                png_chunk_unknown_handling
 .text.png_zstream_error
                0x0010290c       0xe4 /usr/local/devkitPro/portlibs/armv6k/lib/libpng.a(png.o)
                0x0010290c                png_zstream_error
 .text.png_colorspace_set_gamma
                0x001029f0      0x158 /usr/local/devkitPro/portlibs/armv6k/lib/libpng.a(png.o)
                0x001029f0                png_colorspace_set_gamma
 .text.png_colorspace_sync
                0x00102b48       0x84 /usr/local/devkitPro/portlibs/armv6k/lib/libpng.a(png.o)
                0x00102b48                png_colorspace_sync
 *fill*         0x00102bcc        0x4 
 .text.png_colorspace_set_sRGB
                0x00102bd0      0x204 /usr/local/devkitPro/portlibs/armv6k/lib/libpng.a(png.o)
                0x00102bd0                png_colorspace_set_sRGB
 .text.png_icc_check_length
                0x00102dd4      0x198 /usr/local/devkitPro/portlibs/armv6k/lib/libpng.a(png.o)
                0x00102dd4                png_icc_check_length
 .text.png_icc_check_header
                0x00102f6c      0x37c /usr/local/devkitPro/portlibs/armv6k/lib/libpng.a(png.o)
                0x00102f6c                png_icc_check_header
 .text.png_icc_check_tag_table
                0x001032e8      0x138 /usr/local/devkitPro/portlibs/armv6k/lib/libpng.a(png.o)
                0x001032e8                png_icc_check_tag_table
 .text.png_icc_set_sRGB
                0x00103420      0x250 /usr/local/devkitPro/portlibs/armv6k/lib/libpng.a(png.o)
                0x00103420                png_icc_set_sRGB
 .text.png_colorspace_set_rgb_coefficients
                0x00103670      0x284 /usr/local/devkitPro/portlibs/armv6k/lib/libpng.a(png.o)
                0x00103670                png_colorspace_set_rgb_coefficients
 .text.png_check_IHDR
                0x001038f4      0x2ac /usr/local/devkitPro/portlibs/armv6k/lib/libpng.a(png.o)
                0x001038f4                png_check_IHDR
 .text.png_check_fp_number
                0x00103ba0      0x2a8 /usr/local/devkitPro/portlibs/armv6k/lib/libpng.a(png.o)
                0x00103ba0                png_check_fp_number
 .text.png_check_fp_string
                0x00103e48      0x2d4 /usr/local/devkitPro/portlibs/armv6k/lib/libpng.a(png.o)
                0x00103e48                png_check_fp_string
 *fill*         0x0010411c        0x4 
 .text.png_muldiv
                0x00104120       0xc8 /usr/local/devkitPro/portlibs/armv6k/lib/libpng.a(png.o)
                0x00104120                png_muldiv
 .text.png_reciprocal
                0x001041e8       0x78 /usr/local/devkitPro/portlibs/armv6k/lib/libpng.a(png.o)
                0x001041e8                png_reciprocal
 .text.png_colorspace_set_chromaticities
                0x00104260      0xb6c /usr/local/devkitPro/portlibs/armv6k/lib/libpng.a(png.o)
                0x00104260                png_colorspace_set_chromaticities
 .text.png_gamma_significant
                0x00104dcc       0x20 /usr/local/devkitPro/portlibs/armv6k/lib/libpng.a(png.o)
                0x00104dcc                png_gamma_significant
 *fill*         0x00104dec        0x4 
 .text.png_reciprocal2
                0x00104df0       0xa0 /usr/local/devkitPro/portlibs/armv6k/lib/libpng.a(png.o)
                0x00104df0                png_reciprocal2
 .text.png_gamma_8bit_correct
                0x00104e90       0x90 /usr/local/devkitPro/portlibs/armv6k/lib/libpng.a(png.o)
                0x00104e90                png_gamma_8bit_correct
 .text.png_gamma_correct
                0x00104f20      0x104 /usr/local/devkitPro/portlibs/armv6k/lib/libpng.a(png.o)
                0x00104f20                png_gamma_correct
 .text.png_destroy_gamma_table
                0x00105024      0x134 /usr/local/devkitPro/portlibs/armv6k/lib/libpng.a(png.o)
                0x00105024                png_destroy_gamma_table
 .text.png_build_gamma_table
                0x00105158      0x880 /usr/local/devkitPro/portlibs/armv6k/lib/libpng.a(png.o)
                0x00105158                png_build_gamma_table
 .text.png_format_buffer.isra.0
                0x001059d8      0x1f0 /usr/local/devkitPro/portlibs/armv6k/lib/libpng.a(pngerror.o)
 .text.png_safecat
                0x00105bc8       0x78 /usr/local/devkitPro/portlibs/armv6k/lib/libpng.a(pngerror.o)
                0x00105bc8                png_safecat
 .text.png_format_number
                0x00105c40      0x170 /usr/local/devkitPro/portlibs/armv6k/lib/libpng.a(pngerror.o)
                0x00105c40                png_format_number
 .text.png_warning
                0x00105db0      0x14c /usr/local/devkitPro/portlibs/armv6k/lib/libpng.a(pngerror.o)
                0x00105db0                png_warning
 .text.png_chunk_warning
                0x00105efc      0x1ac /usr/local/devkitPro/portlibs/armv6k/lib/libpng.a(pngerror.o)
                0x00105efc                png_chunk_warning
 .text.png_free_jmpbuf
                0x001060a8       0x94 /usr/local/devkitPro/portlibs/armv6k/lib/libpng.a(pngerror.o)
                0x001060a8                png_free_jmpbuf
 .text.png_longjmp
                0x0010613c       0x2c /usr/local/devkitPro/portlibs/armv6k/lib/libpng.a(pngerror.o)
                0x0010613c                png_longjmp
 .text.png_error
                0x00106168       0x60 /usr/local/devkitPro/portlibs/armv6k/lib/libpng.a(pngerror.o)
                0x00106168                png_error
 .text.png_app_warning
                0x001061c8      0x15c /usr/local/devkitPro/portlibs/armv6k/lib/libpng.a(pngerror.o)
                0x001061c8                png_app_warning
 .text.png_app_error
                0x00106324      0x15c /usr/local/devkitPro/portlibs/armv6k/lib/libpng.a(pngerror.o)
                0x00106324                png_app_error
 .text.png_chunk_error
                0x00106480       0x2c /usr/local/devkitPro/portlibs/armv6k/lib/libpng.a(pngerror.o)
                0x00106480                png_chunk_error
 .text.png_chunk_benign_error
                0x001064ac      0x1a4 /usr/local/devkitPro/portlibs/armv6k/lib/libpng.a(pngerror.o)
                0x001064ac                png_chunk_benign_error
 .text.png_benign_error
                0x00106650      0x2d4 /usr/local/devkitPro/portlibs/armv6k/lib/libpng.a(pngerror.o)
                0x00106650                png_benign_error
 .text.png_set_longjmp_fn
                0x00106924       0xf0 /usr/local/devkitPro/portlibs/armv6k/lib/libpng.a(pngerror.o)
                0x00106924                png_set_longjmp_fn
 .text.png_chunk_report
                0x00106a14      0x2dc /usr/local/devkitPro/portlibs/armv6k/lib/libpng.a(pngerror.o)
                0x00106a14                png_chunk_report
 .text.png_set_error_fn
                0x00106cf0       0x14 /usr/local/devkitPro/portlibs/armv6k/lib/libpng.a(pngerror.o)
                0x00106cf0                png_set_error_fn
 .text.png_get_valid
                0x00106d04       0x1c /usr/local/devkitPro/portlibs/armv6k/lib/libpng.a(pngget.o)
                0x00106d04                png_get_valid
 .text.png_get_IHDR
                0x00106d20       0xa0 /usr/local/devkitPro/portlibs/armv6k/lib/libpng.a(pngget.o)
                0x00106d20                png_get_IHDR
 .text.png_destroy_png_struct
                0x00106dc0       0x64 /usr/local/devkitPro/portlibs/armv6k/lib/libpng.a(pngmem.o)
                0x00106dc0                png_destroy_png_struct
 .text.png_calloc
                0x00106e24       0x78 /usr/local/devkitPro/portlibs/armv6k/lib/libpng.a(pngmem.o)
                0x00106e24                png_calloc
 .text.png_malloc_base
                0x00106e9c       0x30 /usr/local/devkitPro/portlibs/armv6k/lib/libpng.a(pngmem.o)
                0x00106e9c                png_malloc_base
 .text.png_malloc_array
                0x00106ecc       0x8c /usr/local/devkitPro/portlibs/armv6k/lib/libpng.a(pngmem.o)
                0x00106ecc                png_malloc_array
 .text.png_realloc_array
                0x00106f58      0x104 /usr/local/devkitPro/portlibs/armv6k/lib/libpng.a(pngmem.o)
                0x00106f58                png_realloc_array
 .text.png_malloc
                0x0010705c       0x5c /usr/local/devkitPro/portlibs/armv6k/lib/libpng.a(pngmem.o)
                0x0010705c                png_malloc
 .text.png_malloc_warn
                0x001070b8       0x64 /usr/local/devkitPro/portlibs/armv6k/lib/libpng.a(pngmem.o)
                0x001070b8                png_malloc_warn
 .text.png_free
                0x0010711c       0x24 /usr/local/devkitPro/portlibs/armv6k/lib/libpng.a(pngmem.o)
                0x0010711c                png_free
 .text.png_set_mem_fn
                0x00107140       0x14 /usr/local/devkitPro/portlibs/armv6k/lib/libpng.a(pngmem.o)
                0x00107140                png_set_mem_fn
 .text.png_do_read_intrapixel
                0x00107154      0x110 /usr/local/devkitPro/portlibs/armv6k/lib/libpng.a(pngread.o)
 .text.png_read_info.part.3
                0x00107264      0x408 /usr/local/devkitPro/portlibs/armv6k/lib/libpng.a(pngread.o)
 .text.png_create_read_struct
                0x0010766c       0x58 /usr/local/devkitPro/portlibs/armv6k/lib/libpng.a(pngread.o)
                0x0010766c                png_create_read_struct
 .text.png_read_info
                0x001076c4       0x10 /usr/local/devkitPro/portlibs/armv6k/lib/libpng.a(pngread.o)
                0x001076c4                png_read_info
 .text.png_read_update_info
                0x001076d4       0x40 /usr/local/devkitPro/portlibs/armv6k/lib/libpng.a(pngread.o)
                0x001076d4                png_read_update_info
 .text.png_read_image
                0x00107714      0x3bc /usr/local/devkitPro/portlibs/armv6k/lib/libpng.a(pngread.o)
                0x00107714                png_read_image
 .text.png_destroy_read_struct
                0x00107ad0      0x134 /usr/local/devkitPro/portlibs/armv6k/lib/libpng.a(pngread.o)
                0x00107ad0                png_destroy_read_struct
 .text.png_default_read_data
                0x00107c04       0x38 /usr/local/devkitPro/portlibs/armv6k/lib/libpng.a(pngrio.o)
                0x00107c04                png_default_read_data
 .text.png_read_data
                0x00107c3c       0x20 /usr/local/devkitPro/portlibs/armv6k/lib/libpng.a(pngrio.o)
                0x00107c3c                png_read_data
 .text.png_set_read_fn
                0x00107c5c       0x50 /usr/local/devkitPro/portlibs/armv6k/lib/libpng.a(pngrio.o)
                0x00107c5c                png_set_read_fn
 .text.png_do_gray_to_rgb
                0x00107cac      0x218 /usr/local/devkitPro/portlibs/armv6k/lib/libpng.a(pngrtran.o)
 .text.png_do_compose
                0x00107ec4     0x1170 /usr/local/devkitPro/portlibs/armv6k/lib/libpng.a(pngrtran.o)
 .text.png_set_scale_16
                0x00109034       0x38 /usr/local/devkitPro/portlibs/armv6k/lib/libpng.a(pngrtran.o)
                0x00109034                png_set_scale_16
 .text.png_set_expand
                0x0010906c       0x3c /usr/local/devkitPro/portlibs/armv6k/lib/libpng.a(pngrtran.o)
                0x0010906c                png_set_expand
 .text.png_set_palette_to_rgb
                0x001090a8       0x3c /usr/local/devkitPro/portlibs/armv6k/lib/libpng.a(pngrtran.o)
                0x001090a8                png_set_palette_to_rgb
 .text.png_set_tRNS_to_alpha
                0x001090e4       0x3c /usr/local/devkitPro/portlibs/armv6k/lib/libpng.a(pngrtran.o)
                0x001090e4                png_set_tRNS_to_alpha
 .text.png_set_gray_to_rgb
                0x00109120       0x38 /usr/local/devkitPro/portlibs/armv6k/lib/libpng.a(pngrtran.o)
                0x00109120                png_set_gray_to_rgb
 .text.png_init_read_transformations
                0x00109158      0xcc4 /usr/local/devkitPro/portlibs/armv6k/lib/libpng.a(pngrtran.o)
                0x00109158                png_init_read_transformations
 .text.png_read_transform_info
                0x00109e1c      0x2c4 /usr/local/devkitPro/portlibs/armv6k/lib/libpng.a(pngrtran.o)
                0x00109e1c                png_read_transform_info
 .text.png_do_read_transformations
                0x0010a0e0     0x23f0 /usr/local/devkitPro/portlibs/armv6k/lib/libpng.a(pngrtran.o)
                0x0010a0e0                png_do_read_transformations
 .text.png_read_filter_row_sub
                0x0010c4d0      0x1d0 /usr/local/devkitPro/portlibs/armv6k/lib/libpng.a(pngrutil.o)
 .text.png_read_filter_row_up
                0x0010c6a0      0x1ac /usr/local/devkitPro/portlibs/armv6k/lib/libpng.a(pngrutil.o)
 .text.png_read_filter_row_avg
                0x0010c84c       0x80 /usr/local/devkitPro/portlibs/armv6k/lib/libpng.a(pngrutil.o)
 .text.png_read_filter_row_paeth_1byte_pixel
                0x0010c8cc       0x8c /usr/local/devkitPro/portlibs/armv6k/lib/libpng.a(pngrutil.o)
 .text.png_read_filter_row_paeth_multibyte_pixel
                0x0010c958      0x26c /usr/local/devkitPro/portlibs/armv6k/lib/libpng.a(pngrutil.o)
 .text.png_inflate_claim
                0x0010cbc4      0x110 /usr/local/devkitPro/portlibs/armv6k/lib/libpng.a(pngrutil.o)
 .text.png_inflate.constprop.7
                0x0010ccd4      0x1d0 /usr/local/devkitPro/portlibs/armv6k/lib/libpng.a(pngrutil.o)
 .text.png_inflate_read.part.3.constprop.5
                0x0010cea4      0x158 /usr/local/devkitPro/portlibs/armv6k/lib/libpng.a(pngrutil.o)
 .text.png_crc_finish.constprop.10
                0x0010cffc       0xdc /usr/local/devkitPro/portlibs/armv6k/lib/libpng.a(pngrutil.o)
 .text.png_decompress_chunk.constprop.6
                0x0010d0d8      0x2c8 /usr/local/devkitPro/portlibs/armv6k/lib/libpng.a(pngrutil.o)
 .text.png_read_sig
                0x0010d3a0       0xac /usr/local/devkitPro/portlibs/armv6k/lib/libpng.a(pngrutil.o)
                0x0010d3a0                png_read_sig
 .text.png_read_chunk_header
                0x0010d44c      0x158 /usr/local/devkitPro/portlibs/armv6k/lib/libpng.a(pngrutil.o)
                0x0010d44c                png_read_chunk_header
 .text.png_crc_finish
                0x0010d5a4      0x15c /usr/local/devkitPro/portlibs/armv6k/lib/libpng.a(pngrutil.o)
                0x0010d5a4                png_crc_finish
 .text.png_handle_IHDR
                0x0010d700      0x178 /usr/local/devkitPro/portlibs/armv6k/lib/libpng.a(pngrutil.o)
                0x0010d700                png_handle_IHDR
 .text.png_handle_PLTE
                0x0010d878      0x250 /usr/local/devkitPro/portlibs/armv6k/lib/libpng.a(pngrutil.o)
                0x0010d878                png_handle_PLTE
 .text.png_handle_IEND
                0x0010dac8       0x54 /usr/local/devkitPro/portlibs/armv6k/lib/libpng.a(pngrutil.o)
                0x0010dac8                png_handle_IEND
 .text.png_handle_gAMA
                0x0010db1c       0xe4 /usr/local/devkitPro/portlibs/armv6k/lib/libpng.a(pngrutil.o)
                0x0010db1c                png_handle_gAMA
 .text.png_handle_sBIT
                0x0010dc00      0x214 /usr/local/devkitPro/portlibs/armv6k/lib/libpng.a(pngrutil.o)
                0x0010dc00                png_handle_sBIT
 .text.png_handle_cHRM
                0x0010de14      0x300 /usr/local/devkitPro/portlibs/armv6k/lib/libpng.a(pngrutil.o)
                0x0010de14                png_handle_cHRM
 .text.png_handle_sRGB
                0x0010e114      0x108 /usr/local/devkitPro/portlibs/armv6k/lib/libpng.a(pngrutil.o)
                0x0010e114                png_handle_sRGB
 .text.png_handle_iCCP
                0x0010e21c      0x5dc /usr/local/devkitPro/portlibs/armv6k/lib/libpng.a(pngrutil.o)
                0x0010e21c                png_handle_iCCP
 .text.png_handle_sPLT
                0x0010e7f8      0x33c /usr/local/devkitPro/portlibs/armv6k/lib/libpng.a(pngrutil.o)
                0x0010e7f8                png_handle_sPLT
 .text.png_handle_tRNS
                0x0010eb34      0x23c /usr/local/devkitPro/portlibs/armv6k/lib/libpng.a(pngrutil.o)
                0x0010eb34                png_handle_tRNS
 .text.png_handle_bKGD
                0x0010ed70      0x224 /usr/local/devkitPro/portlibs/armv6k/lib/libpng.a(pngrutil.o)
                0x0010ed70                png_handle_bKGD
 .text.png_handle_hIST
                0x0010ef94      0x13c /usr/local/devkitPro/portlibs/armv6k/lib/libpng.a(pngrutil.o)
                0x0010ef94                png_handle_hIST
 .text.png_handle_pHYs
                0x0010f0d0      0x13c /usr/local/devkitPro/portlibs/armv6k/lib/libpng.a(pngrutil.o)
                0x0010f0d0                png_handle_pHYs
 .text.png_handle_oFFs
                0x0010f20c      0x15c /usr/local/devkitPro/portlibs/armv6k/lib/libpng.a(pngrutil.o)
                0x0010f20c                png_handle_oFFs
 .text.png_handle_pCAL
                0x0010f368      0x378 /usr/local/devkitPro/portlibs/armv6k/lib/libpng.a(pngrutil.o)
                0x0010f368                png_handle_pCAL
 .text.png_handle_sCAL
                0x0010f6e0      0x284 /usr/local/devkitPro/portlibs/armv6k/lib/libpng.a(pngrutil.o)
                0x0010f6e0                png_handle_sCAL
 .text.png_handle_tIME
                0x0010f964      0x114 /usr/local/devkitPro/portlibs/armv6k/lib/libpng.a(pngrutil.o)
                0x0010f964                png_handle_tIME
 .text.png_handle_tEXt
                0x0010fa78      0x1c4 /usr/local/devkitPro/portlibs/armv6k/lib/libpng.a(pngrutil.o)
                0x0010fa78                png_handle_tEXt
 .text.png_handle_zTXt
                0x0010fc3c      0x24c /usr/local/devkitPro/portlibs/armv6k/lib/libpng.a(pngrutil.o)
                0x0010fc3c                png_handle_zTXt
 .text.png_handle_iTXt
                0x0010fe88      0x348 /usr/local/devkitPro/portlibs/armv6k/lib/libpng.a(pngrutil.o)
                0x0010fe88                png_handle_iTXt
 .text.png_handle_unknown
                0x001101d0      0x36c /usr/local/devkitPro/portlibs/armv6k/lib/libpng.a(pngrutil.o)
                0x001101d0                png_handle_unknown
 .text.png_combine_row
                0x0011053c      0x4dc /usr/local/devkitPro/portlibs/armv6k/lib/libpng.a(pngrutil.o)
                0x0011053c                png_combine_row
 .text.png_do_read_interlace
                0x00110a18      0x484 /usr/local/devkitPro/portlibs/armv6k/lib/libpng.a(pngrutil.o)
                0x00110a18                png_do_read_interlace
 .text.png_read_filter_row
                0x00110e9c       0x90 /usr/local/devkitPro/portlibs/armv6k/lib/libpng.a(pngrutil.o)
                0x00110e9c                png_read_filter_row
 .text.png_read_IDAT_data
                0x00110f2c      0x508 /usr/local/devkitPro/portlibs/armv6k/lib/libpng.a(pngrutil.o)
                0x00110f2c                png_read_IDAT_data
 .text.png_read_finish_row
                0x00111434      0x368 /usr/local/devkitPro/portlibs/armv6k/lib/libpng.a(pngrutil.o)
                0x00111434                png_read_finish_row
 .text.png_read_start_row
                0x0011179c      0x340 /usr/local/devkitPro/portlibs/armv6k/lib/libpng.a(pngrutil.o)
                0x0011179c                png_read_start_row
 .text.png_set_bKGD
                0x00111adc       0x50 /usr/local/devkitPro/portlibs/armv6k/lib/libpng.a(pngset.o)
                0x00111adc                png_set_bKGD
 .text.png_set_hIST
                0x00111b2c       0xac /usr/local/devkitPro/portlibs/armv6k/lib/libpng.a(pngset.o)
                0x00111b2c                png_set_hIST
 .text.png_set_IHDR
                0x00111bd8       0xdc /usr/local/devkitPro/portlibs/armv6k/lib/libpng.a(pngset.o)
                0x00111bd8                png_set_IHDR
 .text.png_set_oFFs
                0x00111cb4       0x2c /usr/local/devkitPro/portlibs/armv6k/lib/libpng.a(pngset.o)
                0x00111cb4                png_set_oFFs
 .text.png_set_pCAL
                0x00111ce0      0x268 /usr/local/devkitPro/portlibs/armv6k/lib/libpng.a(pngset.o)
                0x00111ce0                png_set_pCAL
 .text.png_set_sCAL_s
                0x00111f48      0x164 /usr/local/devkitPro/portlibs/armv6k/lib/libpng.a(pngset.o)
                0x00111f48                png_set_sCAL_s
 .text.png_set_pHYs
                0x001120ac       0x2c /usr/local/devkitPro/portlibs/armv6k/lib/libpng.a(pngset.o)
                0x001120ac                png_set_pHYs
 .text.png_set_PLTE
                0x001120d8      0x13c /usr/local/devkitPro/portlibs/armv6k/lib/libpng.a(pngset.o)
                0x001120d8                png_set_PLTE
 .text.png_set_sBIT
                0x00112214       0x44 /usr/local/devkitPro/portlibs/armv6k/lib/libpng.a(pngset.o)
                0x00112214                png_set_sBIT
 .text.png_set_text_2
                0x00112258      0x334 /usr/local/devkitPro/portlibs/armv6k/lib/libpng.a(pngset.o)
                0x00112258                png_set_text_2
 .text.png_set_tIME
                0x0011258c       0xa0 /usr/local/devkitPro/portlibs/armv6k/lib/libpng.a(pngset.o)
                0x0011258c                png_set_tIME
 .text.png_set_tRNS
                0x0011262c      0x138 /usr/local/devkitPro/portlibs/armv6k/lib/libpng.a(pngset.o)
                0x0011262c                png_set_tRNS
 .text.png_set_sPLT
                0x00112764      0x184 /usr/local/devkitPro/portlibs/armv6k/lib/libpng.a(pngset.o)
                0x00112764                png_set_sPLT
 .text.png_set_unknown_chunks
                0x001128e8      0x18c /usr/local/devkitPro/portlibs/armv6k/lib/libpng.a(pngset.o)
                0x001128e8                png_set_unknown_chunks
 .text.png_set_packing
                0x00112a74       0x28 /usr/local/devkitPro/portlibs/armv6k/lib/libpng.a(pngtrans.o)
                0x00112a74                png_set_packing
 .text.png_set_interlace_handling
                0x00112a9c       0x30 /usr/local/devkitPro/portlibs/armv6k/lib/libpng.a(pngtrans.o)
                0x00112a9c                png_set_interlace_handling
 .text.png_set_filler
                0x00112acc       0x88 /usr/local/devkitPro/portlibs/armv6k/lib/libpng.a(pngtrans.o)
                0x00112acc                png_set_filler
 .text.png_do_invert
                0x00112b54      0x1ec /usr/local/devkitPro/portlibs/armv6k/lib/libpng.a(pngtrans.o)
                0x00112b54                png_do_invert
 .text.png_do_swap
                0x00112d40       0x4c /usr/local/devkitPro/portlibs/armv6k/lib/libpng.a(pngtrans.o)
                0x00112d40                png_do_swap
 .text.png_do_packswap
                0x00112d8c       0x6c /usr/local/devkitPro/portlibs/armv6k/lib/libpng.a(pngtrans.o)
                0x00112d8c                png_do_packswap
 .text.png_do_strip_channel
                0x00112df8      0x22c /usr/local/devkitPro/portlibs/armv6k/lib/libpng.a(pngtrans.o)
                0x00112df8                png_do_strip_channel
 .text.png_do_bgr
                0x00113024      0x13c /usr/local/devkitPro/portlibs/armv6k/lib/libpng.a(pngtrans.o)
                0x00113024                png_do_bgr
 .text.png_do_check_palette_indexes
                0x00113160      0x1d0 /usr/local/devkitPro/portlibs/armv6k/lib/libpng.a(pngtrans.o)
                0x00113160                png_do_check_palette_indexes
 .text.adler32  0x00113330      0x44c /usr/local/devkitPro/portlibs/armv6k/lib/libz.a(adler32.o)
                0x00113330                adler32
 .text.crc32    0x0011377c      0x59c /usr/local/devkitPro/portlibs/armv6k/lib/libz.a(crc32.o)
                0x0011377c                crc32
 .text.inflateReset
                0x00113d18       0x9c /usr/local/devkitPro/portlibs/armv6k/lib/libz.a(inflate.o)
                0x00113d18                inflateReset
 .text.inflateReset2
                0x00113db4      0x120 /usr/local/devkitPro/portlibs/armv6k/lib/libz.a(inflate.o)
                0x00113db4                inflateReset2
 .text.inflateInit2_
                0x00113ed4      0x178 /usr/local/devkitPro/portlibs/armv6k/lib/libz.a(inflate.o)
                0x00113ed4                inflateInit2_
 .text.inflate  0x0011404c     0x1ffc /usr/local/devkitPro/portlibs/armv6k/lib/libz.a(inflate.o)
                0x0011404c                inflate
 .text.inflateEnd
                0x00116048       0x60 /usr/local/devkitPro/portlibs/armv6k/lib/libz.a(inflate.o)
                0x00116048                inflateEnd
 .text.inflate_table
                0x001160a8      0xb64 /usr/local/devkitPro/portlibs/armv6k/lib/libz.a(inftrees.o)
                0x001160a8                inflate_table
 .text.zcalloc  0x00116c0c        0x8 /usr/local/devkitPro/portlibs/armv6k/lib/libz.a(zutil.o)
                0x00116c0c                zcalloc
 .text.zcfree   0x00116c14        0x8 /usr/local/devkitPro/portlibs/armv6k/lib/libz.a(zutil.o)
                0x00116c14                zcfree
 .text.inflate_fast
                0x00116c1c      0xdf0 /usr/local/devkitPro/portlibs/armv6k/lib/libz.a(inffast.o)
                0x00116c1c                inflate_fast
 .text.sf2d_fini
                0x00117a0c       0x48 /usr/local/devkitPro/libctru/lib/libsf2d.a(sf2d.o)
                0x00117a0c                sf2d_fini
 .text.sf2d_start_frame_target
                0x00117a54       0xa0 /usr/local/devkitPro/libctru/lib/libsf2d.a(sf2d.o)
                0x00117a54                sf2d_start_frame_target
 .text.sf2d_start_frame
                0x00117af4       0x38 /usr/local/devkitPro/libctru/lib/libsf2d.a(sf2d.o)
                0x00117af4                sf2d_start_frame
 .text.sf2d_end_frame
                0x00117b2c        0x4 /usr/local/devkitPro/libctru/lib/libsf2d.a(sf2d.o)
                0x00117b2c                sf2d_end_frame
 .text.sf2d_swapbuffers
                0x00117b30       0xb0 /usr/local/devkitPro/libctru/lib/libsf2d.a(sf2d.o)
                0x00117b30                sf2d_swapbuffers
 .text.sf2d_pool_memalign
                0x00117be0       0x40 /usr/local/devkitPro/libctru/lib/libsf2d.a(sf2d.o)
                0x00117be0                sf2d_pool_memalign
 .text.sf2d_set_clear_color
                0x00117c20       0x38 /usr/local/devkitPro/libctru/lib/libsf2d.a(sf2d.o)
                0x00117c20                sf2d_set_clear_color
 .text.sf2d_init_advanced.part.0
                0x00117c58      0x1ac /usr/local/devkitPro/libctru/lib/libsf2d.a(sf2d.o)
 .text.sf2d_init
                0x00117e04       0x28 /usr/local/devkitPro/libctru/lib/libsf2d.a(sf2d.o)
                0x00117e04                sf2d_init
 .text.sf2d_create_texture
                0x00117e2c      0x118 /usr/local/devkitPro/libctru/lib/libsf2d.a(sf2d_texture.o)
                0x00117e2c                sf2d_create_texture
 .text.sf2d_create_rendertarget
                0x00117f44       0x94 /usr/local/devkitPro/libctru/lib/libsf2d.a(sf2d_texture.o)
                0x00117f44                sf2d_create_rendertarget
 .text.sf2d_free_texture
                0x00117fd8       0x20 /usr/local/devkitPro/libctru/lib/libsf2d.a(sf2d_texture.o)
                0x00117fd8                sf2d_free_texture
 .text.sf2d_clear_target
                0x00117ff8       0x14 /usr/local/devkitPro/libctru/lib/libsf2d.a(sf2d_texture.o)
                0x00117ff8                sf2d_clear_target
 .text.sf2d_bind_texture
                0x0011800c       0x54 /usr/local/devkitPro/libctru/lib/libsf2d.a(sf2d_texture.o)
                0x0011800c                sf2d_bind_texture
 .text.sf2d_draw_texture
                0x00118060      0x160 /usr/local/devkitPro/libctru/lib/libsf2d.a(sf2d_texture.o)
                0x00118060                sf2d_draw_texture
 .text.sf2d_texture_tile32
                0x001181c0      0x110 /usr/local/devkitPro/libctru/lib/libsf2d.a(sf2d_texture.o)
                0x001181c0                sf2d_texture_tile32
 .text.C3D_UpdateUniforms
                0x001182d0      0x2b4 /usr/local/devkitPro/libctru/lib/libcitro3d.a(uniforms.o)
                0x001182d0                C3D_UpdateUniforms
 .text.C3Di_DirtyUniforms
                0x00118584       0xc0 /usr/local/devkitPro/libctru/lib/libcitro3d.a(uniforms.o)
                0x00118584                C3Di_DirtyUniforms
 .text.C3Di_LoadShaderUniforms
                0x00118644       0xe8 /usr/local/devkitPro/libctru/lib/libcitro3d.a(uniforms.o)
                0x00118644                C3Di_LoadShaderUniforms
 .text.C3Di_ClearShaderUniforms
                0x0011872c       0x28 /usr/local/devkitPro/libctru/lib/libcitro3d.a(uniforms.o)
                0x0011872c                C3Di_ClearShaderUniforms
 .text.AttrInfo_Init
                0x00118754       0x28 /usr/local/devkitPro/libctru/lib/libcitro3d.a(attribs.o)
                0x00118754                AttrInfo_Init
 .text.AttrInfo_AddLoader
                0x0011877c       0xac /usr/local/devkitPro/libctru/lib/libcitro3d.a(attribs.o)
                0x0011877c                AttrInfo_AddLoader
 .text.C3D_GetAttrInfo
                0x00118828       0x24 /usr/local/devkitPro/libctru/lib/libcitro3d.a(attribs.o)
                0x00118828                C3D_GetAttrInfo
 .text.C3Di_AttrInfoBind
                0x0011884c       0x80 /usr/local/devkitPro/libctru/lib/libcitro3d.a(attribs.o)
                0x0011884c                C3Di_AttrInfoBind
 .text.C3D_DepthMap
                0x001188cc       0x3c /usr/local/devkitPro/libctru/lib/libcitro3d.a(effect.o)
                0x001188cc                C3D_DepthMap
 .text.C3D_CullFace
                0x00118908       0x1c /usr/local/devkitPro/libctru/lib/libcitro3d.a(effect.o)
                0x00118908                C3D_CullFace
 .text.C3D_StencilTest
                0x00118924       0x40 /usr/local/devkitPro/libctru/lib/libcitro3d.a(effect.o)
                0x00118924                C3D_StencilTest
 .text.C3D_StencilOp
                0x00118964       0x24 /usr/local/devkitPro/libctru/lib/libcitro3d.a(effect.o)
                0x00118964                C3D_StencilOp
 .text.C3D_BlendingColor
                0x00118988       0x1c /usr/local/devkitPro/libctru/lib/libcitro3d.a(effect.o)
                0x00118988                C3D_BlendingColor
 .text.C3D_DepthTest
                0x001189a4       0x2c /usr/local/devkitPro/libctru/lib/libcitro3d.a(effect.o)
                0x001189a4                C3D_DepthTest
 .text.C3D_AlphaTest
                0x001189d0       0x2c /usr/local/devkitPro/libctru/lib/libcitro3d.a(effect.o)
                0x001189d0                C3D_AlphaTest
 .text.C3D_AlphaBlend
                0x001189fc       0x50 /usr/local/devkitPro/libctru/lib/libcitro3d.a(effect.o)
                0x001189fc                C3D_AlphaBlend
 .text.C3D_FragOpMode
                0x00118a4c       0x30 /usr/local/devkitPro/libctru/lib/libcitro3d.a(effect.o)
                0x00118a4c                C3D_FragOpMode
 .text.C3Di_EffectBind
                0x00118a7c      0x11c /usr/local/devkitPro/libctru/lib/libcitro3d.a(effect.o)
                0x00118a7c                C3Di_EffectBind
 .text.C3D_DrawArrays
                0x00118b98      0x148 /usr/local/devkitPro/libctru/lib/libcitro3d.a(drawArrays.o)
                0x00118b98                C3D_DrawArrays
 .text.BufInfo_Init
                0x00118ce0       0x20 /usr/local/devkitPro/libctru/lib/libcitro3d.a(buffers.o)
                0x00118ce0                BufInfo_Init
 .text.BufInfo_Add
                0x00118d00       0x84 /usr/local/devkitPro/libctru/lib/libcitro3d.a(buffers.o)
                0x00118d00                BufInfo_Add
 .text.C3D_GetBufInfo
                0x00118d84       0x24 /usr/local/devkitPro/libctru/lib/libcitro3d.a(buffers.o)
                0x00118d84                C3D_GetBufInfo
 .text.C3Di_BufInfoBind
                0x00118da8       0x48 /usr/local/devkitPro/libctru/lib/libcitro3d.a(buffers.o)
                0x00118da8                C3Di_BufInfoBind
 .text.TexEnv_Init
                0x00118df0       0x34 /usr/local/devkitPro/libctru/lib/libcitro3d.a(texenv.o)
                0x00118df0                TexEnv_Init
 .text.C3D_GetTexEnv
                0x00118e24       0x34 /usr/local/devkitPro/libctru/lib/libcitro3d.a(texenv.o)
                0x00118e24                C3D_GetTexEnv
 .text.C3Di_TexEnvBind
                0x00118e58       0x24 /usr/local/devkitPro/libctru/lib/libcitro3d.a(texenv.o)
                0x00118e58                C3Di_TexEnvBind
 .text.C3D_TexInit
                0x00118e7c       0xb8 /usr/local/devkitPro/libctru/lib/libcitro3d.a(texture.o)
                0x00118e7c                C3D_TexInit
 .text.C3D_TexInitVRAM
                0x00118f34       0xb8 /usr/local/devkitPro/libctru/lib/libcitro3d.a(texture.o)
                0x00118f34                C3D_TexInitVRAM
 .text.C3D_TexSetWrap
                0x00118fec       0x28 /usr/local/devkitPro/libctru/lib/libcitro3d.a(texture.o)
                0x00118fec                C3D_TexSetWrap
 .text.C3D_TexBind
                0x00119014       0x34 /usr/local/devkitPro/libctru/lib/libcitro3d.a(texture.o)
                0x00119014                C3D_TexBind
 .text.C3D_TexDelete
                0x00119048       0x3c /usr/local/devkitPro/libctru/lib/libcitro3d.a(texture.o)
                0x00119048                C3D_TexDelete
 .text.C3Di_RenderQueueWaitDone
                0x00119084       0x3c /usr/local/devkitPro/libctru/lib/libcitro3d.a(renderqueue.o)
 .text.performTransfer.part.0
                0x001190c0       0x78 /usr/local/devkitPro/libctru/lib/libcitro3d.a(renderqueue.o)
 .text.transferTarget
                0x00119138       0x50 /usr/local/devkitPro/libctru/lib/libcitro3d.a(renderqueue.o)
 .text.onVBlank1
                0x00119188       0x24 /usr/local/devkitPro/libctru/lib/libcitro3d.a(renderqueue.o)
 .text.onVBlank0
                0x001191ac       0x8c /usr/local/devkitPro/libctru/lib/libcitro3d.a(renderqueue.o)
 .text.performClear.part.2
                0x00119238       0x3c /usr/local/devkitPro/libctru/lib/libcitro3d.a(renderqueue.o)
 .text.clearTarget
                0x00119274       0x4c /usr/local/devkitPro/libctru/lib/libcitro3d.a(renderqueue.o)
 .text.updateFrameQueue.part.4
                0x001192c0       0xc0 /usr/local/devkitPro/libctru/lib/libcitro3d.a(renderqueue.o)
 .text.onRenderFinish
                0x00119380       0xe0 /usr/local/devkitPro/libctru/lib/libcitro3d.a(renderqueue.o)
 .text.onTransferFinish
                0x00119460       0xbc /usr/local/devkitPro/libctru/lib/libcitro3d.a(renderqueue.o)
 .text.checkRenderQueueInit.part.7
                0x0011951c       0x5c /usr/local/devkitPro/libctru/lib/libcitro3d.a(renderqueue.o)
 .text.onClearDone
                0x00119578       0x70 /usr/local/devkitPro/libctru/lib/libcitro3d.a(renderqueue.o)
 .text.C3D_FrameBegin
                0x001195e8       0x6c /usr/local/devkitPro/libctru/lib/libcitro3d.a(renderqueue.o)
                0x001195e8                C3D_FrameBegin
 .text.C3D_FrameDrawOn
                0x00119654       0x78 /usr/local/devkitPro/libctru/lib/libcitro3d.a(renderqueue.o)
                0x00119654                C3D_FrameDrawOn
 .text.C3D_FrameEnd
                0x001196cc       0xcc /usr/local/devkitPro/libctru/lib/libcitro3d.a(renderqueue.o)
                0x001196cc                C3D_FrameEnd
 .text.C3D_RenderTargetCreate
                0x00119798       0xe0 /usr/local/devkitPro/libctru/lib/libcitro3d.a(renderqueue.o)
                0x00119798                C3D_RenderTargetCreate
 .text.C3D_RenderTargetDelete
                0x00119878       0x7c /usr/local/devkitPro/libctru/lib/libcitro3d.a(renderqueue.o)
                0x00119878                C3D_RenderTargetDelete
 .text.C3Di_RenderQueueExit
                0x001198f4       0x84 /usr/local/devkitPro/libctru/lib/libcitro3d.a(renderqueue.o)
 .text.C3D_RenderTargetSetClear
                0x00119978       0x50 /usr/local/devkitPro/libctru/lib/libcitro3d.a(renderqueue.o)
                0x00119978                C3D_RenderTargetSetClear
 .text.C3D_RenderTargetSetOutput
                0x001199c8       0x58 /usr/local/devkitPro/libctru/lib/libcitro3d.a(renderqueue.o)
                0x001199c8                C3D_RenderTargetSetOutput
 .text.C3Di_AptEventHook
                0x00119a20       0x88 /usr/local/devkitPro/libctru/lib/libcitro3d.a(base.o)
 .text.C3D_Init
                0x00119aa8      0x174 /usr/local/devkitPro/libctru/lib/libcitro3d.a(base.o)
                0x00119aa8                C3D_Init
 .text.C3D_SetViewport
                0x00119c1c       0x98 /usr/local/devkitPro/libctru/lib/libcitro3d.a(base.o)
                0x00119c1c                C3D_SetViewport
 .text.C3Di_UpdateContext
                0x00119cb4      0x584 /usr/local/devkitPro/libctru/lib/libcitro3d.a(base.o)
                0x00119cb4                C3Di_UpdateContext
 .text.C3Di_FinalizeFrame
                0x0011a238       0xe0 /usr/local/devkitPro/libctru/lib/libcitro3d.a(base.o)
                0x0011a238                C3Di_FinalizeFrame
 .text.C3D_Fini
                0x0011a318       0x48 /usr/local/devkitPro/libctru/lib/libcitro3d.a(base.o)
                0x0011a318                C3D_Fini
 .text.C3D_BindProgram
                0x0011a360       0xd4 /usr/local/devkitPro/libctru/lib/libcitro3d.a(base.o)
                0x0011a360                C3D_BindProgram
 .text.Mtx_OrthoTilt
                0x0011a434       0xc8 /usr/local/devkitPro/libctru/lib/libcitro3d.a(mtx_orthotilt.o)
                0x0011a434                Mtx_OrthoTilt
 .text.C3D_RenderBufInit
                0x0011a4fc       0xa4 /usr/local/devkitPro/libctru/lib/libcitro3d.a(renderbuffer.o)
                0x0011a4fc                C3D_RenderBufInit
 .text.C3D_RenderBufClearAsync
                0x0011a5a0       0x80 /usr/local/devkitPro/libctru/lib/libcitro3d.a(renderbuffer.o)
                0x0011a5a0                C3D_RenderBufClearAsync
 .text.C3D_RenderBufTransferAsync
                0x0011a620       0x28 /usr/local/devkitPro/libctru/lib/libcitro3d.a(renderbuffer.o)
                0x0011a620                C3D_RenderBufTransferAsync
 .text.C3D_RenderBufBind
                0x0011a648       0x38 /usr/local/devkitPro/libctru/lib/libcitro3d.a(renderbuffer.o)
                0x0011a648                C3D_RenderBufBind
 .text.C3Di_RenderBufBind
                0x0011a680      0x170 /usr/local/devkitPro/libctru/lib/libcitro3d.a(renderbuffer.o)
                0x0011a680                C3Di_RenderBufBind
 .text.C3D_RenderBufDelete
                0x0011a7f0       0x18 /usr/local/devkitPro/libctru/lib/libcitro3d.a(renderbuffer.o)
                0x0011a7f0                C3D_RenderBufDelete
 .text.C3D_ImmSendAttrib
                0x0011a808       0xb4 /usr/local/devkitPro/libctru/lib/libcitro3d.a(immediate.o)
                0x0011a808                C3D_ImmSendAttrib
 .text._ZL21addrMapNodeComparatorPK11rbtree_nodeS1_
                0x0011a8bc       0x24 /usr/local/devkitPro/libctru/lib/libctru.a(linear.o)
 .text._ZL21addrMapNodeDestructorP11rbtree_node
                0x0011a8e0        0x4 /usr/local/devkitPro/libctru/lib/libctru.a(linear.o)
 .text.linearMemAlign
                0x0011a8e4      0x13c /usr/local/devkitPro/libctru/lib/libctru.a(linear.o)
                0x0011a8e4                linearMemAlign
 .text.linearAlloc
                0x0011aa20        0x8 /usr/local/devkitPro/libctru/lib/libctru.a(linear.o)
                0x0011aa20                linearAlloc
 .text.linearFree
                0x0011aa28       0x50 /usr/local/devkitPro/libctru/lib/libctru.a(linear.o)
                0x0011aa28                linearFree
 .text._ZL21addrMapNodeComparatorPK11rbtree_nodeS1_
                0x0011aa78       0x24 /usr/local/devkitPro/libctru/lib/libctru.a(vram.o)
 .text._ZL21addrMapNodeDestructorP11rbtree_node
                0x0011aa9c        0x4 /usr/local/devkitPro/libctru/lib/libctru.a(vram.o)
 .text.vramMemAlign
                0x0011aaa0      0x12c /usr/local/devkitPro/libctru/lib/libctru.a(vram.o)
                0x0011aaa0                vramMemAlign
 .text.vramAlloc
                0x0011abcc        0x8 /usr/local/devkitPro/libctru/lib/libctru.a(vram.o)
                0x0011abcc                vramAlloc
 .text.vramFree
                0x0011abd4       0x50 /usr/local/devkitPro/libctru/lib/libctru.a(vram.o)
                0x0011abd4                vramFree
 .text.gfxSetFramebufferInfo.part.0
                0x0011ac24       0x8c /usr/local/devkitPro/libctru/lib/libctru.a(gfx.o)
 .text.gfxSet3D
                0x0011acb0       0x10 /usr/local/devkitPro/libctru/lib/libctru.a(gfx.o)
                0x0011acb0                gfxSet3D
 .text.gfxIs3D  0x0011acc0       0x10 /usr/local/devkitPro/libctru/lib/libctru.a(gfx.o)
                0x0011acc0                gfxIs3D
 .text.__get_bytes_per_pixel
                0x0011acd0       0x18 /usr/local/devkitPro/libctru/lib/libctru.a(gfx.o)
                0x0011acd0                __get_bytes_per_pixel
 .text.gfxSetScreenFormat
                0x0011ace8      0x174 /usr/local/devkitPro/libctru/lib/libctru.a(gfx.o)
                0x0011ace8                gfxSetScreenFormat
 .text.gfxSetDoubleBuffering
                0x0011ae5c       0x14 /usr/local/devkitPro/libctru/lib/libctru.a(gfx.o)
                0x0011ae5c                gfxSetDoubleBuffering
 .text.gfxSetFramebufferInfo
                0x0011ae70       0x70 /usr/local/devkitPro/libctru/lib/libctru.a(gfx.o)
                0x0011ae70                gfxSetFramebufferInfo
 .text.gfxWriteFramebufferInfo
                0x0011aee0       0x88 /usr/local/devkitPro/libctru/lib/libctru.a(gfx.o)
                0x0011aee0                gfxWriteFramebufferInfo
 .text.gfxInit  0x0011af68      0x1fc /usr/local/devkitPro/libctru/lib/libctru.a(gfx.o)
                0x0011af68                gfxInit
 .text.gfxInitDefault
                0x0011b164       0x10 /usr/local/devkitPro/libctru/lib/libctru.a(gfx.o)
                0x0011b164                gfxInitDefault
 .text.gfxExit  0x0011b174       0xe0 /usr/local/devkitPro/libctru/lib/libctru.a(gfx.o)
                0x0011b174                gfxExit
 .text.gfxGetFramebuffer
                0x0011b254       0xb0 /usr/local/devkitPro/libctru/lib/libctru.a(gfx.o)
                0x0011b254                gfxGetFramebuffer
 .text.gfxFlushBuffers
                0x0011b304       0xc8 /usr/local/devkitPro/libctru/lib/libctru.a(gfx.o)
                0x0011b304                gfxFlushBuffers
 .text.gfxConfigScreen
                0x0011b3cc       0x70 /usr/local/devkitPro/libctru/lib/libctru.a(gfx.o)
                0x0011b3cc                gfxConfigScreen
 .text.gfxSwapBuffersGpu
                0x0011b43c       0x20 /usr/local/devkitPro/libctru/lib/libctru.a(gfx.o)
                0x0011b43c                gfxSwapBuffersGpu
 .text.debug_write
                0x0011b45c       0x1c /usr/local/devkitPro/libctru/lib/libctru.a(console.o)
                0x0011b45c                debug_write
 .text.consoleDrawChar
                0x0011b478      0x1b0 /usr/local/devkitPro/libctru/lib/libctru.a(console.o)
                0x0011b478                consoleDrawChar
 .text.consolePrintChar
                0x0011b628      0x124 /usr/local/devkitPro/libctru/lib/libctru.a(console.o)
                0x0011b628                consolePrintChar
 .text.consoleCls
                0x0011b74c      0x190 /usr/local/devkitPro/libctru/lib/libctru.a(console.o)
 .text.consoleInit
                0x0011b8dc       0xf8 /usr/local/devkitPro/libctru/lib/libctru.a(console.o)
                0x0011b8dc                consoleInit
 .text.consoleClearLine
                0x0011b9d4      0x144 /usr/local/devkitPro/libctru/lib/libctru.a(console.o)
 .text.newRow   0x0011bb18       0xbc /usr/local/devkitPro/libctru/lib/libctru.a(console.o)
 .text.con_write
                0x0011bbd4      0x79c /usr/local/devkitPro/libctru/lib/libctru.a(console.o)
                0x0011bbd4                con_write
 .text.getSysTime
                0x0011c370       0x58 /usr/local/devkitPro/libctru/lib/libctru.a(os.o)
 .text.osConvertVirtToPhys
                0x0011c3c8       0x4c /usr/local/devkitPro/libctru/lib/libctru.a(os.o)
                0x0011c3c8                osConvertVirtToPhys
 .text.osGetMemRegionUsed
                0x0011c414       0x24 /usr/local/devkitPro/libctru/lib/libctru.a(os.o)
                0x0011c414                osGetMemRegionUsed
 .text.__libctru_gtod
                0x0011c438       0xf4 /usr/local/devkitPro/libctru/lib/libctru.a(os.o)
                0x0011c438                __libctru_gtod
 *fill*         0x0011c52c        0x4 
 .text.osGetTime
                0x0011c530       0x78 /usr/local/devkitPro/libctru/lib/libctru.a(os.o)
                0x0011c530                osGetTime
 .text.__ctru_speedup_config
                0x0011c5a8       0x34 /usr/local/devkitPro/libctru/lib/libctru.a(os.o)
                0x0011c5a8                __ctru_speedup_config
 .text.GPUCMD_SetBuffer
                0x0011c5dc       0x2c /usr/local/devkitPro/libctru/lib/libctru.a(gpu.o)
                0x0011c5dc                GPUCMD_SetBuffer
 .text.GPUCMD_GetBuffer
                0x0011c608       0x40 /usr/local/devkitPro/libctru/lib/libctru.a(gpu.o)
                0x0011c608                GPUCMD_GetBuffer
 .text.GPUCMD_Add
                0x0011c648      0x108 /usr/local/devkitPro/libctru/lib/libctru.a(gpu.o)
                0x0011c648                GPUCMD_Add
 .text.GPUCMD_Finalize
                0x0011c750       0x98 /usr/local/devkitPro/libctru/lib/libctru.a(gpu.o)
                0x0011c750                GPUCMD_Finalize
 .text.f32tof24
                0x0011c7e8       0x44 /usr/local/devkitPro/libctru/lib/libctru.a(gpu.o)
                0x0011c7e8                f32tof24
 .text.f32tof31
                0x0011c82c       0x40 /usr/local/devkitPro/libctru/lib/libctru.a(gpu.o)
                0x0011c82c                f32tof31
 .text.GX_ProcessCommandList
                0x0011c86c       0x54 /usr/local/devkitPro/libctru/lib/libctru.a(gx.o)
                0x0011c86c                GX_ProcessCommandList
 .text.GX_MemoryFill
                0x0011c8c0       0x60 /usr/local/devkitPro/libctru/lib/libctru.a(gx.o)
                0x0011c8c0                GX_MemoryFill
 .text.GX_DisplayTransfer
                0x0011c920       0x50 /usr/local/devkitPro/libctru/lib/libctru.a(gx.o)
                0x0011c920                GX_DisplayTransfer
 .text.GX_FlushCacheRegions
                0x0011c970       0x54 /usr/local/devkitPro/libctru/lib/libctru.a(gx.o)
                0x0011c970                GX_FlushCacheRegions
 .text.DVLB_Free
                0x0011c9c4       0x38 /usr/local/devkitPro/libctru/lib/libctru.a(shbin.o)
                0x0011c9c4                DVLB_Free
 .text.DVLE_GetUniformRegister
                0x0011c9fc       0x78 /usr/local/devkitPro/libctru/lib/libctru.a(shbin.o)
                0x0011c9fc                DVLE_GetUniformRegister
 .text.DVLE_GenerateOutmap
                0x0011ca74      0x1ec /usr/local/devkitPro/libctru/lib/libctru.a(shbin.o)
                0x0011ca74                DVLE_GenerateOutmap
 .text.DVLB_ParseFile
                0x0011cc60      0x1c0 /usr/local/devkitPro/libctru/lib/libctru.a(shbin.o)
                0x0011cc60                DVLB_ParseFile
 .text.shaderInstanceInit
                0x0011ce20      0x1f4 /usr/local/devkitPro/libctru/lib/libctru.a(shaderProgram.o)
                0x0011ce20                shaderInstanceInit
 .text.shaderInstanceFree
                0x0011d014       0x34 /usr/local/devkitPro/libctru/lib/libctru.a(shaderProgram.o)
                0x0011d014                shaderInstanceFree
 .text.shaderInstanceGetUniformLocation
                0x0011d048       0x18 /usr/local/devkitPro/libctru/lib/libctru.a(shaderProgram.o)
                0x0011d048                shaderInstanceGetUniformLocation
 .text.shaderProgramInit
                0x0011d060       0x18 /usr/local/devkitPro/libctru/lib/libctru.a(shaderProgram.o)
                0x0011d060                shaderProgramInit
 .text.shaderProgramFree
                0x0011d078       0x2c /usr/local/devkitPro/libctru/lib/libctru.a(shaderProgram.o)
                0x0011d078                shaderProgramFree
 .text.shaderProgramSetVsh
                0x0011d0a4       0x6c /usr/local/devkitPro/libctru/lib/libctru.a(shaderProgram.o)
                0x0011d0a4                shaderProgramSetVsh
 .text.shaderProgramConfigure
                0x0011d110      0x894 /usr/local/devkitPro/libctru/lib/libctru.a(shaderProgram.o)
                0x0011d110                shaderProgramConfigure
 .text.ptmSysmInit
                0x0011d9a4       0x70 /usr/local/devkitPro/libctru/lib/libctru.a(ptmsysm.o)
                0x0011d9a4                ptmSysmInit
 .text.ptmSysmExit
                0x0011da14       0x34 /usr/local/devkitPro/libctru/lib/libctru.a(ptmsysm.o)
                0x0011da14                ptmSysmExit
 .text.PTMSYSM_ConfigureNew3DSCPU
                0x0011da48       0x34 /usr/local/devkitPro/libctru/lib/libctru.a(ptmsysm.o)
                0x0011da48                PTMSYSM_ConfigureNew3DSCPU
 .text.hidExit  0x0011da7c       0xd0 /usr/local/devkitPro/libctru/lib/libctru.a(hid.o)
                0x0011da7c                hidExit
 .text.hidScanInput
                0x0011db4c      0x234 /usr/local/devkitPro/libctru/lib/libctru.a(hid.o)
                0x0011db4c                hidScanInput
 .text.hidKeysDown
                0x0011dd80       0x10 /usr/local/devkitPro/libctru/lib/libctru.a(hid.o)
                0x0011dd80                hidKeysDown
 .text.hidKeysUp
                0x0011dd90       0x10 /usr/local/devkitPro/libctru/lib/libctru.a(hid.o)
                0x0011dd90                hidKeysUp
 .text.HIDUSER_GetHandles
                0x0011dda0       0x90 /usr/local/devkitPro/libctru/lib/libctru.a(hid.o)
                0x0011dda0                HIDUSER_GetHandles
 .text.hidInit  0x0011de30      0x18c /usr/local/devkitPro/libctru/lib/libctru.a(hid.o)
                0x0011de30                hidInit
 .text._aptDebug
                0x0011dfbc        0x4 /usr/local/devkitPro/libctru/lib/libctru.a(apt.o)
                0x0011dfbc                _aptDebug
 .text.aptSendCommand
                0x0011dfc0      0x130 /usr/local/devkitPro/libctru/lib/libctru.a(apt.o)
                0x0011dfc0                aptSendCommand
 .text.aptExitProcess
                0x0011e0f0       0x3c /usr/local/devkitPro/libctru/lib/libctru.a(apt.o)
 .text.aptHook  0x0011e12c       0x38 /usr/local/devkitPro/libctru/lib/libctru.a(apt.o)
                0x0011e12c                aptHook
 .text.aptUnhook
                0x0011e164       0x2c /usr/local/devkitPro/libctru/lib/libctru.a(apt.o)
                0x0011e164                aptUnhook
 .text.APT_InquireNotification
                0x0011e190       0x4c /usr/local/devkitPro/libctru/lib/libctru.a(apt.o)
                0x0011e190                APT_InquireNotification
 .text.aptEventHandler
                0x0011e1dc      0x19c /usr/local/devkitPro/libctru/lib/libctru.a(apt.o)
 .text.APT_AppletUtility
                0x0011e378       0x74 /usr/local/devkitPro/libctru/lib/libctru.a(apt.o)
                0x0011e378                APT_AppletUtility
 .text.aptSetSleepAllowed
                0x0011e3ec       0xb4 /usr/local/devkitPro/libctru/lib/libctru.a(apt.o)
                0x0011e3ec                aptSetSleepAllowed
 .text.APT_GlanceParameter
                0x0011e4a0       0xb4 /usr/local/devkitPro/libctru/lib/libctru.a(apt.o)
                0x0011e4a0                APT_GlanceParameter
 .text.APT_ReceiveParameter
                0x0011e554       0xc0 /usr/local/devkitPro/libctru/lib/libctru.a(apt.o)
                0x0011e554                APT_ReceiveParameter
 .text.aptReceiveParameter.constprop.1
                0x0011e614       0xa8 /usr/local/devkitPro/libctru/lib/libctru.a(apt.o)
 *fill*         0x0011e6bc        0x4 
 .text.aptScreenTransfer
                0x0011e6c0      0x1ec /usr/local/devkitPro/libctru/lib/libctru.a(apt.o)
 .text.aptWaitForWakeUp
                0x0011e8ac      0x228 /usr/local/devkitPro/libctru/lib/libctru.a(apt.o)
 .text.APT_CancelParameter
                0x0011ead4       0x70 /usr/local/devkitPro/libctru/lib/libctru.a(apt.o)
                0x0011ead4                APT_CancelParameter
 .text.aptInit  0x0011eb44      0x230 /usr/local/devkitPro/libctru/lib/libctru.a(apt.o)
                0x0011eb44                aptInit
 .text.aptClearParamQueue
                0x0011ed74       0x8c /usr/local/devkitPro/libctru/lib/libctru.a(apt.o)
 .text.aptMainLoop
                0x0011ee00      0x214 /usr/local/devkitPro/libctru/lib/libctru.a(apt.o)
                0x0011ee00                aptMainLoop
 .text.aptExit  0x0011f014      0x148 /usr/local/devkitPro/libctru/lib/libctru.a(apt.o)
                0x0011f014                aptExit
 .text.APT_CheckNew3DS
                0x0011f15c       0x70 /usr/local/devkitPro/libctru/lib/libctru.a(apt.o)
                0x0011f15c                APT_CheckNew3DS
 .text.gspEventThreadMain
                0x0011f1cc      0x160 /usr/local/devkitPro/libctru/lib/libctru.a(gspgpu.o)
 .text.gspInit  0x0011f32c       0x74 /usr/local/devkitPro/libctru/lib/libctru.a(gspgpu.o)
                0x0011f32c                gspInit
 .text.gspExit  0x0011f3a0       0x3c /usr/local/devkitPro/libctru/lib/libctru.a(gspgpu.o)
                0x0011f3a0                gspExit
 .text.gspSetEventCallback
                0x0011f3dc       0x2c /usr/local/devkitPro/libctru/lib/libctru.a(gspgpu.o)
                0x0011f3dc                gspSetEventCallback
 .text.gspInitEventHandler
                0x0011f408       0x88 /usr/local/devkitPro/libctru/lib/libctru.a(gspgpu.o)
                0x0011f408                gspInitEventHandler
 .text.gspExitEventHandler
                0x0011f490       0x30 /usr/local/devkitPro/libctru/lib/libctru.a(gspgpu.o)
                0x0011f490                gspExitEventHandler
 .text.gspWaitForEvent
                0x0011f4c0       0x44 /usr/local/devkitPro/libctru/lib/libctru.a(gspgpu.o)
                0x0011f4c0                gspWaitForEvent
 .text.gspWaitForAnyEvent
                0x0011f504       0x6c /usr/local/devkitPro/libctru/lib/libctru.a(gspgpu.o)
                0x0011f504                gspWaitForAnyEvent
 .text.gspSubmitGxCommand
                0x0011f570      0x124 /usr/local/devkitPro/libctru/lib/libctru.a(gspgpu.o)
                0x0011f570                gspSubmitGxCommand
 .text.GSPGPU_SetBufferSwap
                0x0011f694       0x6c /usr/local/devkitPro/libctru/lib/libctru.a(gspgpu.o)
                0x0011f694                GSPGPU_SetBufferSwap
 .text.GSPGPU_FlushDataCache
                0x0011f700       0x4c /usr/local/devkitPro/libctru/lib/libctru.a(gspgpu.o)
                0x0011f700                GSPGPU_FlushDataCache
 .text.GSPGPU_SetLcdForceBlack
                0x0011f74c       0x34 /usr/local/devkitPro/libctru/lib/libctru.a(gspgpu.o)
                0x0011f74c                GSPGPU_SetLcdForceBlack
 .text.GSPGPU_RegisterInterruptRelayQueue
                0x0011f780       0x64 /usr/local/devkitPro/libctru/lib/libctru.a(gspgpu.o)
                0x0011f780                GSPGPU_RegisterInterruptRelayQueue
 .text.GSPGPU_UnregisterInterruptRelayQueue
                0x0011f7e4       0x2c /usr/local/devkitPro/libctru/lib/libctru.a(gspgpu.o)
                0x0011f7e4                GSPGPU_UnregisterInterruptRelayQueue
 .text.GSPGPU_AcquireRight
                0x0011f810       0x48 /usr/local/devkitPro/libctru/lib/libctru.a(gspgpu.o)
                0x0011f810                GSPGPU_AcquireRight
 .text.GSPGPU_ReleaseRight
                0x0011f858       0x2c /usr/local/devkitPro/libctru/lib/libctru.a(gspgpu.o)
                0x0011f858                GSPGPU_ReleaseRight
 .text.GSPGPU_ImportDisplayCaptureInfo
                0x0011f884       0x80 /usr/local/devkitPro/libctru/lib/libctru.a(gspgpu.o)
                0x0011f884                GSPGPU_ImportDisplayCaptureInfo
 .text.GSPGPU_SaveVramSysArea
                0x0011f904       0x2c /usr/local/devkitPro/libctru/lib/libctru.a(gspgpu.o)
                0x0011f904                GSPGPU_SaveVramSysArea
 .text.GSPGPU_RestoreVramSysArea
                0x0011f930       0x2c /usr/local/devkitPro/libctru/lib/libctru.a(gspgpu.o)
                0x0011f930                GSPGPU_RestoreVramSysArea
 .text.irrstScanInput
                0x0011f95c       0xb0 /usr/local/devkitPro/libctru/lib/libctru.a(irrst.o)
                0x0011f95c                irrstScanInput
 .text.irrstKeysHeld
                0x0011fa0c       0x1c /usr/local/devkitPro/libctru/lib/libctru.a(irrst.o)
                0x0011fa0c                irrstKeysHeld
 .text.IRRST_GetHandles
                0x0011fa28       0x50 /usr/local/devkitPro/libctru/lib/libctru.a(irrst.o)
                0x0011fa28                IRRST_GetHandles
 .text.irrstInit
                0x0011fa78      0x150 /usr/local/devkitPro/libctru/lib/libctru.a(irrst.o)
                0x0011fa78                irrstInit
 .text.IRRST_Shutdown
                0x0011fbc8       0x2c /usr/local/devkitPro/libctru/lib/libctru.a(irrst.o)
                0x0011fbc8                IRRST_Shutdown
 .text.irrstExit
                0x0011fbf4       0xac /usr/local/devkitPro/libctru/lib/libctru.a(irrst.o)
                0x0011fbf4                irrstExit
 .text.rbtree_find
                0x0011fca0       0x70 /usr/local/devkitPro/libctru/lib/libctru.a(rbtree_find.o)
                0x0011fca0                rbtree_find
 .text.rbtree_remove
                0x0011fd10      0x324 /usr/local/devkitPro/libctru/lib/libctru.a(rbtree_remove.o)
                0x0011fd10                rbtree_remove
 .text.rbtree_node_next
                0x00120034       0x74 /usr/local/devkitPro/libctru/lib/libctru.a(rbtree_iterator.o)
                0x00120034                rbtree_node_next
 .text.rbtree_rotate
                0x001200a8       0x94 /usr/local/devkitPro/libctru/lib/libctru.a(rbtree_rotate.o)
                0x001200a8                rbtree_rotate
 .text.do_insert
                0x0012013c      0x18c /usr/local/devkitPro/libctru/lib/libctru.a(rbtree_insert.o)
 .text.rbtree_insert
                0x001202c8        0x8 /usr/local/devkitPro/libctru/lib/libctru.a(rbtree_insert.o)
                0x001202c8                rbtree_insert
 .text.rbtree_init
                0x001202d0       0x14 /usr/local/devkitPro/libctru/lib/libctru.a(rbtree_init.o)
                0x001202d0                rbtree_init
 .text.__system_initArgv
                0x001202e4       0xe8 /usr/local/devkitPro/libctru/lib/libctru.a(initArgv.o)
                0x001202e4                __system_initArgv
 .text.osGetMemRegionSize
                0x001203cc       0x58 /usr/local/devkitPro/libctru/lib/libctru.a(allocateHeaps.o)
 .text.__system_allocateHeaps
                0x00120424      0x104 /usr/local/devkitPro/libctru/lib/libctru.a(allocateHeaps.o)
                0x00120424                __system_allocateHeaps
 .text.__libctru_init
                0x00120528       0x38 /usr/local/devkitPro/libctru/lib/libctru.a(initSystem.o)
                0x00120528                __libctru_init
 .text.svcControlMemory
                0x00120560       0x20 /usr/local/devkitPro/libctru/lib/libctru.a(svc.o)
                0x00120560                svcControlMemory
 .text.svcExitProcess
                0x00120580        0x8 /usr/local/devkitPro/libctru/lib/libctru.a(svc.o)
                0x00120580                svcExitProcess
 .text.svcCreateThread
                0x00120588       0x20 /usr/local/devkitPro/libctru/lib/libctru.a(svc.o)
                0x00120588                svcCreateThread
 .text.svcExitThread
                0x001205a8        0x8 /usr/local/devkitPro/libctru/lib/libctru.a(svc.o)
                0x001205a8                svcExitThread
 .text.svcSleepThread
                0x001205b0        0x8 /usr/local/devkitPro/libctru/lib/libctru.a(svc.o)
                0x001205b0                svcSleepThread
 .text.svcReleaseMutex
                0x001205b8        0x8 /usr/local/devkitPro/libctru/lib/libctru.a(svc.o)
                0x001205b8                svcReleaseMutex
 .text.svcCreateEvent
                0x001205c0       0x14 /usr/local/devkitPro/libctru/lib/libctru.a(svc.o)
                0x001205c0                svcCreateEvent
 .text.svcSignalEvent
                0x001205d4        0x8 /usr/local/devkitPro/libctru/lib/libctru.a(svc.o)
                0x001205d4                svcSignalEvent
 .text.svcClearEvent
                0x001205dc        0x8 /usr/local/devkitPro/libctru/lib/libctru.a(svc.o)
                0x001205dc                svcClearEvent
 .text.svcMapMemoryBlock
                0x001205e4        0x8 /usr/local/devkitPro/libctru/lib/libctru.a(svc.o)
                0x001205e4                svcMapMemoryBlock
 .text.svcUnmapMemoryBlock
                0x001205ec        0x8 /usr/local/devkitPro/libctru/lib/libctru.a(svc.o)
                0x001205ec                svcUnmapMemoryBlock
 .text.svcCreateAddressArbiter
                0x001205f4       0x14 /usr/local/devkitPro/libctru/lib/libctru.a(svc.o)
                0x001205f4                svcCreateAddressArbiter
 .text.svcArbitrateAddress
                0x00120608       0x18 /usr/local/devkitPro/libctru/lib/libctru.a(svc.o)
                0x00120608                svcArbitrateAddress
 .text.svcCloseHandle
                0x00120620        0x8 /usr/local/devkitPro/libctru/lib/libctru.a(svc.o)
                0x00120620                svcCloseHandle
 .text.svcWaitSynchronization
                0x00120628        0x8 /usr/local/devkitPro/libctru/lib/libctru.a(svc.o)
                0x00120628                svcWaitSynchronization
 .text.svcWaitSynchronizationN
                0x00120630       0x28 /usr/local/devkitPro/libctru/lib/libctru.a(svc.o)
                0x00120630                svcWaitSynchronizationN
 .text.svcDuplicateHandle
                0x00120658       0x14 /usr/local/devkitPro/libctru/lib/libctru.a(svc.o)
                0x00120658                svcDuplicateHandle
 .text.svcGetSystemTick
                0x0012066c        0x8 /usr/local/devkitPro/libctru/lib/libctru.a(svc.o)
                0x0012066c                svcGetSystemTick
 .text.svcGetSystemInfo
                0x00120674       0x18 /usr/local/devkitPro/libctru/lib/libctru.a(svc.o)
                0x00120674                svcGetSystemInfo
 .text.svcConnectToPort
                0x0012068c       0x14 /usr/local/devkitPro/libctru/lib/libctru.a(svc.o)
                0x0012068c                svcConnectToPort
 .text.svcSendSyncRequest
                0x001206a0        0x8 /usr/local/devkitPro/libctru/lib/libctru.a(svc.o)
                0x001206a0                svcSendSyncRequest
 .text.svcBreak
                0x001206a8        0x8 /usr/local/devkitPro/libctru/lib/libctru.a(svc.o)
                0x001206a8                svcBreak
 .text.svcOutputDebugString
                0x001206b0        0x8 /usr/local/devkitPro/libctru/lib/libctru.a(svc.o)
                0x001206b0                svcOutputDebugString
 .text._ZN7MemPool13CoalesceRightEP8MemBlock
                0x001206b8       0x98 /usr/local/devkitPro/libctru/lib/libctru.a(mem_pool.o)
                0x001206b8                MemPool::CoalesceRight(MemBlock*)
 .text._ZN7MemPool8AllocateER8MemChunkmi
                0x00120750      0x178 /usr/local/devkitPro/libctru/lib/libctru.a(mem_pool.o)
                0x00120750                MemPool::Allocate(MemChunk&, unsigned long, int)
 .text._ZN7MemPool10DeallocateERK8MemChunk
                0x001208c8      0x100 /usr/local/devkitPro/libctru/lib/libctru.a(mem_pool.o)
                0x001208c8                MemPool::Deallocate(MemChunk const&)
 .text._ZL21addrMapNodeComparatorPK11rbtree_nodeS1_
                0x001209c8       0x24 /usr/local/devkitPro/libctru/lib/libctru.a(mappable.o)
 .text._ZL21addrMapNodeDestructorP11rbtree_node
                0x001209ec        0x4 /usr/local/devkitPro/libctru/lib/libctru.a(mappable.o)
 .text.mappableAlloc
                0x001209f0       0xf4 /usr/local/devkitPro/libctru/lib/libctru.a(mappable.o)
                0x001209f0                mappableAlloc
 .text.mappableFree
                0x00120ae4       0x50 /usr/local/devkitPro/libctru/lib/libctru.a(mappable.o)
                0x00120ae4                mappableFree
 .text.threadCreate
                0x00120b34      0x1bc /usr/local/devkitPro/libctru/lib/libctru.a(thread.o)
                0x00120b34                threadCreate
 .text.threadJoin
                0x00120cf0       0x24 /usr/local/devkitPro/libctru/lib/libctru.a(thread.o)
                0x00120cf0                threadJoin
 .text.threadExit
                0x00120d14       0x70 /usr/local/devkitPro/libctru/lib/libctru.a(thread.o)
                0x00120d14                threadExit
 .text._thread_begin
                0x00120d84       0x40 /usr/local/devkitPro/libctru/lib/libctru.a(thread.o)
 .text.srvExit  0x00120dc4       0x50 /usr/local/devkitPro/libctru/lib/libctru.a(srv.o)
                0x00120dc4                srvExit
 .text.srvRegisterClient
                0x00120e14       0x38 /usr/local/devkitPro/libctru/lib/libctru.a(srv.o)
                0x00120e14                srvRegisterClient
 .text.srvInit  0x00120e4c       0x78 /usr/local/devkitPro/libctru/lib/libctru.a(srv.o)
                0x00120e4c                srvInit
 .text.srvGetServiceHandleDirect
                0x00120ec4       0x68 /usr/local/devkitPro/libctru/lib/libctru.a(srv.o)
                0x00120ec4                srvGetServiceHandleDirect
 .text.srvGetServiceHandle
                0x00120f2c       0x38 /usr/local/devkitPro/libctru/lib/libctru.a(srv.o)
                0x00120f2c                srvGetServiceHandle
 .text.envGetHandle
                0x00120f64       0x84 /usr/local/devkitPro/libctru/lib/libctru.a(env.o)
                0x00120f64                envGetHandle
 .text.envDestroyHandles
                0x00120fe8       0x4c /usr/local/devkitPro/libctru/lib/libctru.a(env.o)
                0x00120fe8                envDestroyHandles
 .text.LightLock_Unlock.part.1
                0x00121034       0x34 /usr/local/devkitPro/libctru/lib/libctru.a(synchronization.o)
 .text.__sync_init
                0x00121068        0xc /usr/local/devkitPro/libctru/lib/libctru.a(synchronization.o)
                0x00121068                __sync_init
 .text.__sync_fini
                0x00121074       0x18 /usr/local/devkitPro/libctru/lib/libctru.a(synchronization.o)
                0x00121074                __sync_fini
 .text.__sync_get_arbiter
                0x0012108c       0x10 /usr/local/devkitPro/libctru/lib/libctru.a(synchronization.o)
                0x0012108c                __sync_get_arbiter
 .text.LightLock_Init
                0x0012109c       0x18 /usr/local/devkitPro/libctru/lib/libctru.a(synchronization.o)
                0x0012109c                LightLock_Init
 .text.LightLock_Lock
                0x001210b4       0xa0 /usr/local/devkitPro/libctru/lib/libctru.a(synchronization.o)
                0x001210b4                LightLock_Lock
 .text.LightLock_TryLock
                0x00121154       0x34 /usr/local/devkitPro/libctru/lib/libctru.a(synchronization.o)
                0x00121154                LightLock_TryLock
 .text.LightLock_Unlock
                0x00121188       0x20 /usr/local/devkitPro/libctru/lib/libctru.a(synchronization.o)
                0x00121188                LightLock_Unlock
 .text.RecursiveLock_Init
                0x001211a8       0x24 /usr/local/devkitPro/libctru/lib/libctru.a(synchronization.o)
                0x001211a8                RecursiveLock_Init
 .text.RecursiveLock_Lock
                0x001211cc       0x30 /usr/local/devkitPro/libctru/lib/libctru.a(synchronization.o)
                0x001211cc                RecursiveLock_Lock
 .text.RecursiveLock_TryLock
                0x001211fc       0x58 /usr/local/devkitPro/libctru/lib/libctru.a(synchronization.o)
                0x001211fc                RecursiveLock_TryLock
 .text.RecursiveLock_Unlock
                0x00121254       0x38 /usr/local/devkitPro/libctru/lib/libctru.a(synchronization.o)
                0x00121254                RecursiveLock_Unlock
 .text.LightEvent_Init
                0x0012128c       0x38 /usr/local/devkitPro/libctru/lib/libctru.a(synchronization.o)
                0x0012128c                LightEvent_Init
 .text.LightEvent_Clear
                0x001212c4       0x7c /usr/local/devkitPro/libctru/lib/libctru.a(synchronization.o)
                0x001212c4                LightEvent_Clear
 .text.LightEvent_Signal
                0x00121340       0xdc /usr/local/devkitPro/libctru/lib/libctru.a(synchronization.o)
                0x00121340                LightEvent_Signal
 .text.LightEvent_Wait
                0x0012141c       0xd0 /usr/local/devkitPro/libctru/lib/libctru.a(synchronization.o)
                0x0012141c                LightEvent_Wait
 .text.__libctru_exit
                0x001214ec       0xa4 /usr/local/devkitPro/libctru/lib/libctru.a(ctru_exit.o)
                0x001214ec                __libctru_exit
 .text.__appExit
                0x00121590       0x1c /usr/local/devkitPro/libctru/lib/libctru.a(appExit.o)
                0x00121590                __appExit
 .text.__ctru_get_reent
                0x001215ac       0x30 /usr/local/devkitPro/libctru/lib/libctru.a(syscalls.o)
 .text.__system_initSyscalls
                0x001215dc       0xe4 /usr/local/devkitPro/libctru/lib/libctru.a(syscalls.o)
                0x001215dc                __system_initSyscalls
 .text.__appInit
                0x001216c0       0x1c /usr/local/devkitPro/libctru/lib/libctru.a(appInit.o)
                0x001216c0                __appInit
 .text.sdmc_link
                0x001216dc       0x10 /usr/local/devkitPro/libctru/lib/libctru.a(sdmc_dev.o)
 .text.sdmc_dirreset
                0x001216ec       0x10 /usr/local/devkitPro/libctru/lib/libctru.a(sdmc_dev.o)
 .text.sdmc_fchmod
                0x001216fc       0x10 /usr/local/devkitPro/libctru/lib/libctru.a(sdmc_dev.o)
 .text.error_cmp
                0x0012170c       0x24 /usr/local/devkitPro/libctru/lib/libctru.a(sdmc_dev.o)
 .text.sdmc_translate_error
                0x00121730       0x50 /usr/local/devkitPro/libctru/lib/libctru.a(sdmc_dev.o)
 .text.sdmc_fsync
                0x00121780       0x34 /usr/local/devkitPro/libctru/lib/libctru.a(sdmc_dev.o)
 .text.sdmc_ftruncate
                0x001217b4       0x54 /usr/local/devkitPro/libctru/lib/libctru.a(sdmc_dev.o)
 .text.sdmc_statvfs
                0x00121808       0xb8 /usr/local/devkitPro/libctru/lib/libctru.a(sdmc_dev.o)
 .text.sdmc_dirclose
                0x001218c0       0x38 /usr/local/devkitPro/libctru/lib/libctru.a(sdmc_dev.o)
 .text.sdmc_dirnext
                0x001218f8      0x138 /usr/local/devkitPro/libctru/lib/libctru.a(sdmc_dev.o)
 .text.sdmc_close
                0x00121a30       0x34 /usr/local/devkitPro/libctru/lib/libctru.a(sdmc_dev.o)
 .text.sdmc_fstat
                0x00121a64       0x74 /usr/local/devkitPro/libctru/lib/libctru.a(sdmc_dev.o)
 .text.sdmc_seek
                0x00121ad8       0xd8 /usr/local/devkitPro/libctru/lib/libctru.a(sdmc_dev.o)
 .text.sdmc_read
                0x00121bb0       0x84 /usr/local/devkitPro/libctru/lib/libctru.a(sdmc_dev.o)
 .text.sdmc_write
                0x00121c34       0xb8 /usr/local/devkitPro/libctru/lib/libctru.a(sdmc_dev.o)
 .text.sdmc_utf16path
                0x00121cec      0x1b4 /usr/local/devkitPro/libctru/lib/libctru.a(sdmc_dev.o)
 .text.sdmc_rmdir
                0x00121ea0       0x74 /usr/local/devkitPro/libctru/lib/libctru.a(sdmc_dev.o)
 .text.sdmc_diropen
                0x00121f14       0xa4 /usr/local/devkitPro/libctru/lib/libctru.a(sdmc_dev.o)
 .text.sdmc_chdir
                0x00121fb8       0xa0 /usr/local/devkitPro/libctru/lib/libctru.a(sdmc_dev.o)
 .text.sdmc_mkdir
                0x00122058       0x98 /usr/local/devkitPro/libctru/lib/libctru.a(sdmc_dev.o)
 .text.sdmc_rename
                0x001220f0      0x108 /usr/local/devkitPro/libctru/lib/libctru.a(sdmc_dev.o)
 .text.sdmc_unlink
                0x001221f8       0x74 /usr/local/devkitPro/libctru/lib/libctru.a(sdmc_dev.o)
 .text.sdmc_stat
                0x0012226c      0x108 /usr/local/devkitPro/libctru/lib/libctru.a(sdmc_dev.o)
 .text.sdmc_open
                0x00122374      0x188 /usr/local/devkitPro/libctru/lib/libctru.a(sdmc_dev.o)
 .text.sdmc_chmod
                0x001224fc       0x10 /usr/local/devkitPro/libctru/lib/libctru.a(sdmc_dev.o)
 .text.sdmcInit
                0x0012250c      0x15c /usr/local/devkitPro/libctru/lib/libctru.a(sdmc_dev.o)
                0x0012250c                sdmcInit
 .text.sdmcExit
                0x00122668       0x58 /usr/local/devkitPro/libctru/lib/libctru.a(sdmc_dev.o)
                0x00122668                sdmcExit
 .text.fsSessionForArchive.part.0
                0x001226c0       0x28 /usr/local/devkitPro/libctru/lib/libctru.a(fs.o)
 .text.fsInit   0x001226e8       0xc8 /usr/local/devkitPro/libctru/lib/libctru.a(fs.o)
                0x001226e8                fsInit
 .text.fsExit   0x001227b0       0x38 /usr/local/devkitPro/libctru/lib/libctru.a(fs.o)
                0x001227b0                fsExit
 .text.fsExemptFromSession
                0x001227e8       0xa0 /usr/local/devkitPro/libctru/lib/libctru.a(fs.o)
                0x001227e8                fsExemptFromSession
 .text.fsUnexemptFromSession
                0x00122888       0x54 /usr/local/devkitPro/libctru/lib/libctru.a(fs.o)
                0x00122888                fsUnexemptFromSession
 .text.FSUSER_OpenFile
                0x001228dc       0xbc /usr/local/devkitPro/libctru/lib/libctru.a(fs.o)
                0x001228dc                FSUSER_OpenFile
 .text.FSUSER_DeleteFile
                0x00122998       0xa4 /usr/local/devkitPro/libctru/lib/libctru.a(fs.o)
                0x00122998                FSUSER_DeleteFile
 .text.FSUSER_RenameFile
                0x00122a3c       0xe0 /usr/local/devkitPro/libctru/lib/libctru.a(fs.o)
                0x00122a3c                FSUSER_RenameFile
 .text.FSUSER_DeleteDirectory
                0x00122b1c       0xa4 /usr/local/devkitPro/libctru/lib/libctru.a(fs.o)
                0x00122b1c                FSUSER_DeleteDirectory
 .text.FSUSER_CreateFile
                0x00122bc0       0xbc /usr/local/devkitPro/libctru/lib/libctru.a(fs.o)
                0x00122bc0                FSUSER_CreateFile
 .text.FSUSER_CreateDirectory
                0x00122c7c       0xac /usr/local/devkitPro/libctru/lib/libctru.a(fs.o)
                0x00122c7c                FSUSER_CreateDirectory
 .text.FSUSER_RenameDirectory
                0x00122d28       0xe0 /usr/local/devkitPro/libctru/lib/libctru.a(fs.o)
                0x00122d28                FSUSER_RenameDirectory
 .text.FSUSER_OpenDirectory
                0x00122e08       0xa4 /usr/local/devkitPro/libctru/lib/libctru.a(fs.o)
                0x00122e08                FSUSER_OpenDirectory
 .text.FSUSER_OpenArchive
                0x00122eac       0x98 /usr/local/devkitPro/libctru/lib/libctru.a(fs.o)
                0x00122eac                FSUSER_OpenArchive
 .text.FSUSER_CloseArchive
                0x00122f44       0x74 /usr/local/devkitPro/libctru/lib/libctru.a(fs.o)
                0x00122f44                FSUSER_CloseArchive
 .text.FSUSER_GetSdmcArchiveResource
                0x00122fb8       0x78 /usr/local/devkitPro/libctru/lib/libctru.a(fs.o)
                0x00122fb8                FSUSER_GetSdmcArchiveResource
 .text.FSUSER_IsSdmcWritable
                0x00123030       0x64 /usr/local/devkitPro/libctru/lib/libctru.a(fs.o)
                0x00123030                FSUSER_IsSdmcWritable
 .text.FSFILE_Read
                0x00123094       0x5c /usr/local/devkitPro/libctru/lib/libctru.a(fs.o)
                0x00123094                FSFILE_Read
 .text.FSFILE_Write
                0x001230f0       0x64 /usr/local/devkitPro/libctru/lib/libctru.a(fs.o)
                0x001230f0                FSFILE_Write
 .text.FSFILE_GetSize
                0x00123154       0x3c /usr/local/devkitPro/libctru/lib/libctru.a(fs.o)
                0x00123154                FSFILE_GetSize
 .text.FSFILE_SetSize
                0x00123190       0x2c /usr/local/devkitPro/libctru/lib/libctru.a(fs.o)
                0x00123190                FSFILE_SetSize
 .text.FSFILE_Close
                0x001231bc       0x3c /usr/local/devkitPro/libctru/lib/libctru.a(fs.o)
                0x001231bc                FSFILE_Close
 .text.FSFILE_Flush
                0x001231f8       0x24 /usr/local/devkitPro/libctru/lib/libctru.a(fs.o)
                0x001231f8                FSFILE_Flush
 .text.FSDIR_Read
                0x0012321c       0x54 /usr/local/devkitPro/libctru/lib/libctru.a(fs.o)
                0x0012321c                FSDIR_Read
 .text.FSDIR_Close
                0x00123270       0x3c /usr/local/devkitPro/libctru/lib/libctru.a(fs.o)
                0x00123270                FSDIR_Close
 .text.utf8_to_utf16
                0x001232ac       0xc0 /usr/local/devkitPro/libctru/lib/libctru.a(utf8_to_utf16.o)
                0x001232ac                utf8_to_utf16
 .text.decode_utf8
                0x0012336c      0x138 /usr/local/devkitPro/libctru/lib/libctru.a(decode_utf8.o)
                0x0012336c                decode_utf8
 .text.utf16_to_utf8
                0x001234a4       0xe8 /usr/local/devkitPro/libctru/lib/libctru.a(utf16_to_utf8.o)
                0x001234a4                utf16_to_utf8
 .text.encode_utf8
                0x0012358c      0x104 /usr/local/devkitPro/libctru/lib/libctru.a(encode_utf8.o)
                0x0012358c                encode_utf8
 .text.encode_utf16
                0x00123690       0x68 /usr/local/devkitPro/libctru/lib/libctru.a(encode_utf16.o)
                0x00123690                encode_utf16
 .text.__aeabi_read_tp
                0x001236f8        0xc /usr/local/devkitPro/libctru/lib/libctru.a(readtp.o)
                0x001236f8                __aeabi_read_tp
 .text.decode_utf16
                0x00123704       0x60 /usr/local/devkitPro/libctru/lib/libctru.a(decode_utf16.o)
                0x00123704                decode_utf16
 *fill*         0x00123764        0x4 
 .text.floor    0x00123768      0x184 /opt/devkitpro/devkitARM/lib/gcc/arm-none-eabi/6.3.0/../../../../arm-none-eabi/lib/armv6k/fpu/libm.a(lib_a-s_floor.o)
                0x00123768                floor
 *fill*         0x001238ec        0x4 
 .text.frexp    0x001238f0       0x9c /opt/devkitpro/devkitARM/lib/gcc/arm-none-eabi/6.3.0/../../../../arm-none-eabi/lib/armv6k/fpu/libm.a(lib_a-s_frexp.o)
                0x001238f0                frexp
 *fill*         0x0012398c        0x4 
 .text.pow      0x00123990      0x398 /opt/devkitpro/devkitARM/lib/gcc/arm-none-eabi/6.3.0/../../../../arm-none-eabi/lib/armv6k/fpu/libm.a(lib_a-w_pow.o)
                0x00123990                pow
 .text.__ieee754_pow
                0x00123d28      0x8bc /opt/devkitpro/devkitARM/lib/gcc/arm-none-eabi/6.3.0/../../../../arm-none-eabi/lib/armv6k/fpu/libm.a(lib_a-e_pow.o)
                0x00123d28                __ieee754_pow
 .text.__ieee754_sqrt
                0x001245e4      0x214 /opt/devkitpro/devkitARM/lib/gcc/arm-none-eabi/6.3.0/../../../../arm-none-eabi/lib/armv6k/fpu/libm.a(lib_a-e_sqrt.o)
                0x001245e4                __ieee754_sqrt
 .text.fabs     0x001247f8       0x10 /opt/devkitpro/devkitARM/lib/gcc/arm-none-eabi/6.3.0/../../../../arm-none-eabi/lib/armv6k/fpu/libm.a(lib_a-s_fabs.o)
                0x001247f8                fabs
 .text.finite   0x00124808       0x14 /opt/devkitpro/devkitARM/lib/gcc/arm-none-eabi/6.3.0/../../../../arm-none-eabi/lib/armv6k/fpu/libm.a(lib_a-s_finite.o)
                0x00124808                finite
 .text.matherr  0x0012481c        0x8 /opt/devkitpro/devkitARM/lib/gcc/arm-none-eabi/6.3.0/../../../../arm-none-eabi/lib/armv6k/fpu/libm.a(lib_a-s_matherr.o)
                0x0012481c                matherr
 *fill*         0x00124824        0x4 
 .text.nan      0x00124828       0x10 /opt/devkitpro/devkitARM/lib/gcc/arm-none-eabi/6.3.0/../../../../arm-none-eabi/lib/armv6k/fpu/libm.a(lib_a-s_nan.o)
                0x00124828                nan
 .text.rint     0x00124838      0x178 /opt/devkitpro/devkitARM/lib/gcc/arm-none-eabi/6.3.0/../../../../arm-none-eabi/lib/armv6k/fpu/libm.a(lib_a-s_rint.o)
                0x00124838                rint
 .text.scalbn   0x001249b0      0x170 /opt/devkitpro/devkitARM/lib/gcc/arm-none-eabi/6.3.0/../../../../arm-none-eabi/lib/armv6k/fpu/libm.a(lib_a-s_scalbn.o)
                0x001249b0                scalbn
 .text.copysign
                0x00124b20       0x1c /opt/devkitpro/devkitARM/lib/gcc/arm-none-eabi/6.3.0/../../../../arm-none-eabi/lib/armv6k/fpu/libm.a(lib_a-s_copysign.o)
                0x00124b20                copysign
 .text.__udivmoddi4
                0x00124b3c      0x128 /opt/devkitpro/devkitARM/lib/gcc/arm-none-eabi/6.3.0/armv6k/fpu/libgcc.a(_udivmoddi4.o)
                0x00124b3c                __udivmoddi4
 .text.abort    0x00124c64       0x14 /opt/devkitpro/devkitARM/lib/gcc/arm-none-eabi/6.3.0/../../../../arm-none-eabi/lib/armv6k/fpu/libg.a(lib_a-abort.o)
                0x00124c64                abort
 .text.bsearch  0x00124c78       0x74 /opt/devkitpro/devkitARM/lib/gcc/arm-none-eabi/6.3.0/../../../../arm-none-eabi/lib/armv6k/fpu/libg.a(lib_a-bsearch.o)
                0x00124c78                bsearch
 .text.calloc   0x00124cec       0x20 /opt/devkitpro/devkitARM/lib/gcc/arm-none-eabi/6.3.0/../../../../arm-none-eabi/lib/armv6k/fpu/libg.a(lib_a-calloc.o)
                0x00124cec                calloc
 .text._calloc_r
                0x00124d0c       0x90 /opt/devkitpro/devkitARM/lib/gcc/arm-none-eabi/6.3.0/../../../../arm-none-eabi/lib/armv6k/fpu/libg.a(lib_a-callocr.o)
                0x00124d0c                _calloc_r
 .text.__errno  0x00124d9c        0xc /opt/devkitpro/devkitARM/lib/gcc/arm-none-eabi/6.3.0/../../../../arm-none-eabi/lib/armv6k/fpu/libg.a(lib_a-errno.o)
                0x00124d9c                __errno
 .text._fclose_r
                0x00124da8      0x154 /opt/devkitpro/devkitARM/lib/gcc/arm-none-eabi/6.3.0/../../../../arm-none-eabi/lib/armv6k/fpu/libg.a(lib_a-fclose.o)
                0x00124da8                _fclose_r
 .text.__sflush_r
                0x00124efc      0x254 /opt/devkitpro/devkitARM/lib/gcc/arm-none-eabi/6.3.0/../../../../arm-none-eabi/lib/armv6k/fpu/libg.a(lib_a-fflush.o)
                0x00124efc                __sflush_r
 .text._fflush_r
                0x00125150       0x94 /opt/devkitpro/devkitARM/lib/gcc/arm-none-eabi/6.3.0/../../../../arm-none-eabi/lib/armv6k/fpu/libg.a(lib_a-fflush.o)
                0x00125150                _fflush_r
 .text.fflush   0x001251e4       0x38 /opt/devkitpro/devkitARM/lib/gcc/arm-none-eabi/6.3.0/../../../../arm-none-eabi/lib/armv6k/fpu/libg.a(lib_a-fflush.o)
                0x001251e4                fflush
 .text._cleanup_r
                0x0012521c        0xc /opt/devkitpro/devkitARM/lib/gcc/arm-none-eabi/6.3.0/../../../../arm-none-eabi/lib/armv6k/fpu/libg.a(lib_a-findfp.o)
                0x0012521c                _cleanup_r
 .text.std.isra.0
                0x00125228       0x80 /opt/devkitpro/devkitARM/lib/gcc/arm-none-eabi/6.3.0/../../../../arm-none-eabi/lib/armv6k/fpu/libg.a(lib_a-findfp.o)
 .text.__sinit  0x001252a8       0x8c /opt/devkitpro/devkitARM/lib/gcc/arm-none-eabi/6.3.0/../../../../arm-none-eabi/lib/armv6k/fpu/libg.a(lib_a-findfp.o)
                0x001252a8                __sinit
 .text.__sfp_lock_acquire
                0x00125334        0xc /opt/devkitpro/devkitARM/lib/gcc/arm-none-eabi/6.3.0/../../../../arm-none-eabi/lib/armv6k/fpu/libg.a(lib_a-findfp.o)
                0x00125334                __sfp_lock_acquire
 .text.__sfp_lock_release
                0x00125340        0xc /opt/devkitpro/devkitARM/lib/gcc/arm-none-eabi/6.3.0/../../../../arm-none-eabi/lib/armv6k/fpu/libg.a(lib_a-findfp.o)
                0x00125340                __sfp_lock_release
 .text.__libc_fini_array
                0x0012534c       0x40 /opt/devkitpro/devkitARM/lib/gcc/arm-none-eabi/6.3.0/../../../../arm-none-eabi/lib/armv6k/fpu/libg.a(lib_a-fini.o)
                0x0012534c                __libc_fini_array
 .text.fprintf  0x0012538c       0x3c /opt/devkitpro/devkitARM/lib/gcc/arm-none-eabi/6.3.0/../../../../arm-none-eabi/lib/armv6k/fpu/libg.a(lib_a-fprintf.o)
                0x0012538c                fprintf
 .text.fputc    0x001253c8       0x94 /opt/devkitpro/devkitARM/lib/gcc/arm-none-eabi/6.3.0/../../../../arm-none-eabi/lib/armv6k/fpu/libg.a(lib_a-fputc.o)
                0x001253c8                fputc
 .text._fread_r
                0x0012545c      0x2d4 /opt/devkitpro/devkitARM/lib/gcc/arm-none-eabi/6.3.0/../../../../arm-none-eabi/lib/armv6k/fpu/libg.a(lib_a-fread.o)
                0x0012545c                _fread_r
 .text.fread    0x00125730       0x38 /opt/devkitpro/devkitARM/lib/gcc/arm-none-eabi/6.3.0/../../../../arm-none-eabi/lib/armv6k/fpu/libg.a(lib_a-fread.o)
                0x00125730                fread
 .text._malloc_trim_r
                0x00125768       0xf8 /opt/devkitpro/devkitARM/lib/gcc/arm-none-eabi/6.3.0/../../../../arm-none-eabi/lib/armv6k/fpu/libg.a(lib_a-freer.o)
                0x00125768                _malloc_trim_r
 .text._free_r  0x00125860      0x2e4 /opt/devkitpro/devkitARM/lib/gcc/arm-none-eabi/6.3.0/../../../../arm-none-eabi/lib/armv6k/fpu/libg.a(lib_a-freer.o)
                0x00125860                _free_r
 .text._fwalk   0x00125b44       0x78 /opt/devkitpro/devkitARM/lib/gcc/arm-none-eabi/6.3.0/../../../../arm-none-eabi/lib/armv6k/fpu/libg.a(lib_a-fwalk.o)
                0x00125b44                _fwalk
 .text._fwalk_reent
                0x00125bbc       0x80 /opt/devkitpro/devkitARM/lib/gcc/arm-none-eabi/6.3.0/../../../../arm-none-eabi/lib/armv6k/fpu/libg.a(lib_a-fwalk.o)
                0x00125bbc                _fwalk_reent
 .text.__libc_init_array
                0x00125c3c       0x78 /opt/devkitpro/devkitARM/lib/gcc/arm-none-eabi/6.3.0/../../../../arm-none-eabi/lib/armv6k/fpu/libg.a(lib_a-init.o)